qkd package metadata not found; using version 'dev'.
[INFO] Loaded custom sweeps from CLI.
--- Running QKD Simulations (SWEEP MODE) ---
[INFO] CPU Count: 20
[INFO] Using 8 worker processes
[INFO] Generated 432 hardware configuration combinations.
[INFO] Total simulations to run: 13,824
[INFO] Protocol selected: bb84-decoy
[INFO] Writing results to 'qkd_results_optimized_sweep.csv'
WARNING [qkd.sources] scm_enabled=False but modulation_index=0.99 > 0: modulation_index is IGNORED when SCM is disabled. Set scm_enabled=True to enable SCM sideband scaling, or set modulation_index=0 to suppress this warning.
WARNING [qkd.sources] scm_enabled=False but modulation_index=0.95 > 0: modulation_index is IGNORED when SCM is disabled. Set scm_enabled=True to enable SCM sideband scaling, or set modulation_index=0 to suppress this warning.
WARNING [qkd.sources] scm_enabled=False but modulation_index=1 > 0: modulation_index is IGNORED when SCM is disabled. Set scm_enabled=True to enable SCM sideband scaling, or set modulation_index=0 to suppress this warning.
WARNING [qkd.sources] scm_enabled=False but modulation_index=0.9 > 0: modulation_index is IGNORED when SCM is disabled. Set scm_enabled=True to enable SCM sideband scaling, or set modulation_index=0 to suppress this warning.
WARNING [qkd.sources] scm_enabled=False but modulation_index=0.99 > 0: modulation_index is IGNORED when SCM is disabled. Set scm_enabled=True to enable SCM sideband scaling, or set modulation_index=0 to suppress this warning.
WARNING [qkd.sources] scm_enabled=False but modulation_index=1 > 0: modulation_index is IGNORED when SCM is disabled. Set scm_enabled=True to enable SCM sideband scaling, or set modulation_index=0 to suppress this warning.
WARNING [qkd.sources] RANDOM_GAUSSIAN with large intensity_jitter=0.15 (>= 0.1): the reflection model (mu_new = mu * |1 + jitter * z|) now includes analytical mean-bias correction (dividing by E[|1 + jitter * z|]). The corrected model preserves the mean photon number to within ~1e-6 relative error. For small jitter (< 0.1) the correction is a no-op. If you need strictly positive intensity with exact mean preservation, request a dedicated RANDOM_LOGNORMAL error model (not yet in the SourceErrorModel enum).
WARNING [qkd.sources] scm_enabled=False but modulation_index=0.9 > 0: modulation_index is IGNORED when SCM is disabled. Set scm_enabled=True to enable SCM sideband scaling, or set modulation_index=0 to suppress this warning.
WARNING [qkd.sources] RANDOM_GAUSSIAN with large intensity_jitter=0.15 (>= 0.1): the reflection model (mu_new = mu * |1 + jitter * z|) now includes analytical mean-bias correction (dividing by E[|1 + jitter * z|]). The corrected model preserves the mean photon number to within ~1e-6 relative error. For small jitter (< 0.1) the correction is a no-op. If you need strictly positive intensity with exact mean preservation, request a dedicated RANDOM_LOGNORMAL error model (not yet in the SourceErrorModel enum).
WARNING [qkd.sources] scm_enabled=False but modulation_index=0.95 > 0: modulation_index is IGNORED when SCM is disabled. Set scm_enabled=True to enable SCM sideband scaling, or set modulation_index=0 to suppress this warning.
Starting simulation in: /home/reza-aramjou/University/QProject/Mega Version 6/Final/4.1 QKD Simulation Framework/qkd_ui_runs/run_20260728_163606
