qkd package metadata not found; using version 'dev'.
[INFO] Loaded custom sweeps from CLI.
--- Running QKD Simulations (SWEEP MODE) ---
[INFO] CPU Count: 20
[INFO] Using 8 worker processes
[INFO] Generated 3 hardware configuration combinations.
[INFO] Total simulations to run: 96
[INFO] Protocol selected: bb84-decoy
[INFO] Writing results to 'qkd_results_optimized_sweep.csv'
INFO [__main__] Vacuum QBER correction applied (pulse idx=2): errors_sifted_z 0 -> 20, errors_sifted_x 0 -> 20 (sifted_z=40, sifted_x=39)
INFO [__main__] Vacuum QBER correction applied (pulse idx=2): errors_sifted_z 0 -> 1, errors_sifted_x 0 -> 4 (sifted_z=2, sifted_x=8)
INFO [__main__] Vacuum QBER correction applied (pulse idx=2): errors_sifted_z 0 -> 11, errors_sifted_x 0 -> 12 (sifted_z=22, sifted_x=24)
INFO [__main__] Vacuum QBER correction applied (pulse idx=2): errors_sifted_z 0 -> 2, errors_sifted_x 0 -> 3 (sifted_z=5, sifted_x=6)
INFO [__main__] Vacuum QBER correction applied (pulse idx=2): errors_sifted_z 0 -> 51, errors_sifted_x 0 -> 52 (sifted_z=102, sifted_x=105)
INFO [__main__] Vacuum QBER correction applied (pulse idx=2): errors_sifted_z 0 -> 9, errors_sifted_x 0 -> 12 (sifted_z=18, sifted_x=25)
INFO [__main__] Vacuum QBER correction applied (pulse idx=2): errors_sifted_z 0 -> 24, errors_sifted_x 0 -> 33 (sifted_z=49, sifted_x=66)
INFO [__main__] Vacuum QBER correction applied (pulse idx=2): errors_sifted_z 0 -> 4, errors_sifted_x 0 -> 5 (sifted_z=9, sifted_x=10)
INFO [__main__] Vacuum QBER correction applied (pulse idx=2): errors_sifted_z 0 -> 1, errors_sifted_x 0 -> 1 (sifted_z=2, sifted_x=2)
INFO [__main__] Vacuum QBER correction applied (pulse idx=2): errors_sifted_z 0 -> 0, errors_sifted_x 0 -> 1 (sifted_z=1, sifted_x=2)
INFO [__main__] Vacuum QBER correction applied (pulse idx=2): errors_sifted_z 825 -> 840, errors_sifted_x 755 -> 790 (sifted_z=1679, sifted_x=1581)
INFO [__main__] Vacuum QBER correction applied (pulse idx=2): errors_sifted_z 3074 -> 3094, errors_sifted_x 3145 -> 3115 (sifted_z=6189, sifted_x=6230)
INFO [__main__] Vacuum QBER correction applied (pulse idx=2): errors_sifted_z 2048 -> 2050, errors_sifted_x 2025 -> 2034 (sifted_z=4100, sifted_x=4068)
INFO [__main__] Vacuum QBER correction applied (pulse idx=2): errors_sifted_z 1285 -> 1274, errors_sifted_x 1296 -> 1297 (sifted_z=2547, sifted_x=2594)
INFO [__main__] Vacuum QBER correction applied (pulse idx=2): errors_sifted_z 300 -> 312, errors_sifted_x 309 -> 336 (sifted_z=623, sifted_x=671)
INFO [__main__] Vacuum QBER correction applied (pulse idx=2): errors_sifted_z 197 -> 203, errors_sifted_x 180 -> 198 (sifted_z=406, sifted_x=395)
INFO [__main__] Vacuum QBER correction applied (pulse idx=2): errors_sifted_z 519 -> 523, errors_sifted_x 514 -> 522 (sifted_z=1046, sifted_x=1043)
INFO [__main__] Vacuum QBER correction applied (pulse idx=2): errors_sifted_z 151 -> 136, errors_sifted_x 117 -> 124 (sifted_z=272, sifted_x=248)
INFO [__main__] Vacuum QBER correction applied (pulse idx=2): errors_sifted_z 45 -> 42, errors_sifted_x 55 -> 49 (sifted_z=85, sifted_x=98)
INFO [__main__] Vacuum QBER correction applied (pulse idx=2): errors_sifted_z 33 -> 32, errors_sifted_x 35 -> 34 (sifted_z=63, sifted_x=69)
INFO [__main__] Vacuum QBER correction applied (pulse idx=2): errors_sifted_z 11 -> 12, errors_sifted_x 14 -> 14 (sifted_z=25, sifted_x=28)
INFO [__main__] Vacuum QBER correction applied (pulse idx=2): errors_sifted_z 9 -> 10, errors_sifted_x 7 -> 8 (sifted_z=19, sifted_x=17)
INFO [__main__] Vacuum QBER correction applied (pulse idx=2): errors_sifted_z 26 -> 21, errors_sifted_x 25 -> 22 (sifted_z=42, sifted_x=44)
INFO [__main__] Vacuum QBER correction applied (pulse idx=2): errors_sifted_z 4 -> 5, errors_sifted_x 5 -> 4 (sifted_z=10, sifted_x=8)
INFO [__main__] Vacuum QBER correction applied (pulse idx=2): errors_sifted_z 80 -> 82, errors_sifted_x 66 -> 75 (sifted_z=163, sifted_x=150)
INFO [__main__] Vacuum QBER correction applied (pulse idx=2): errors_sifted_z 3 -> 4, errors_sifted_x 2 -> 2 (sifted_z=8, sifted_x=3)
INFO [__main__] Vacuum QBER correction applied (pulse idx=2): errors_sifted_z 0 -> 56, errors_sifted_x 0 -> 47 (sifted_z=112, sifted_x=94)
INFO [__main__] Vacuum QBER correction applied (pulse idx=2): errors_sifted_z 0 -> 34, errors_sifted_x 0 -> 42 (sifted_z=68, sifted_x=84)
INFO [__main__] Vacuum QBER correction applied (pulse idx=2): errors_sifted_z 0 -> 6, errors_sifted_x 0 -> 11 (sifted_z=11, sifted_x=22)
INFO [__main__] Vacuum QBER correction applied (pulse idx=2): errors_sifted_z 0 -> 19, errors_sifted_x 0 -> 26 (sifted_z=38, sifted_x=52)
INFO [__main__] Vacuum QBER correction applied (pulse idx=2): errors_sifted_z 0 -> 16, errors_sifted_x 0 -> 12 (sifted_z=32, sifted_x=23)
INFO [__main__] Vacuum QBER correction applied (pulse idx=2): errors_sifted_z 0 -> 7, errors_sifted_x 0 -> 6 (sifted_z=14, sifted_x=12)
INFO [__main__] Vacuum QBER correction applied (pulse idx=2): errors_sifted_z 0 -> 2, errors_sifted_x 0 -> 6 (sifted_z=4, sifted_x=11)
INFO [__main__] Vacuum QBER correction applied (pulse idx=2): errors_sifted_z 0 -> 1, errors_sifted_x 0 -> 2 (sifted_z=2, sifted_x=3)
INFO [__main__] Vacuum QBER correction applied (pulse idx=2): errors_sifted_z 0 -> 0, errors_sifted_x 0 -> 1 (sifted_z=0, sifted_x=2)
INFO [__main__] Vacuum QBER correction applied (pulse idx=2): errors_sifted_z 0 -> 2, errors_sifted_x 0 -> 2 (sifted_z=3, sifted_x=5)
INFO [__main__] Vacuum QBER correction applied (pulse idx=2): errors_sifted_z 0 -> 4, errors_sifted_x 0 -> 3 (sifted_z=7, sifted_x=6)
INFO [__main__] Vacuum QBER correction applied (pulse idx=2): errors_sifted_z 3704 -> 3754, errors_sifted_x 3719 -> 3784 (sifted_z=7509, sifted_x=7567)
INFO [__main__] Vacuum QBER correction applied (pulse idx=2): errors_sifted_z 1496 -> 1509, errors_sifted_x 1480 -> 1489 (sifted_z=3018, sifted_x=2978)
INFO [__main__] Vacuum QBER correction applied (pulse idx=2): errors_sifted_z 938 -> 961, errors_sifted_x 965 -> 993 (sifted_z=1922, sifted_x=1986)
INFO [__main__] Vacuum QBER correction applied (pulse idx=2): errors_sifted_z 2435 -> 2410, errors_sifted_x 2313 -> 2347 (sifted_z=4819, sifted_x=4694)
INFO [__main__] Vacuum QBER correction applied (pulse idx=2): errors_sifted_z 558 -> 574, errors_sifted_x 580 -> 602 (sifted_z=1148, sifted_x=1203)
INFO [__main__] Vacuum QBER correction applied (pulse idx=2): errors_sifted_z 253 -> 238, errors_sifted_x 262 -> 247 (sifted_z=477, sifted_x=494)
INFO [__main__] Vacuum QBER correction applied (pulse idx=2): errors_sifted_z 163 -> 162, errors_sifted_x 163 -> 159 (sifted_z=323, sifted_x=318)
INFO [__main__] Vacuum QBER correction applied (pulse idx=2): errors_sifted_z 73 -> 69, errors_sifted_x 48 -> 57 (sifted_z=138, sifted_x=114)
INFO [__main__] Vacuum QBER correction applied (pulse idx=2): errors_sifted_z 88 -> 98, errors_sifted_x 99 -> 96 (sifted_z=196, sifted_x=193)
INFO [__main__] Vacuum QBER correction applied (pulse idx=2): errors_sifted_z 20 -> 16, errors_sifted_x 16 -> 15 (sifted_z=33, sifted_x=30)
INFO [__main__] Vacuum QBER correction applied (pulse idx=2): errors_sifted_z 14 -> 12, errors_sifted_x 8 -> 8 (sifted_z=23, sifted_x=17)
INFO [__main__] Vacuum QBER correction applied (pulse idx=2): errors_sifted_z 399 -> 398, errors_sifted_x 385 -> 383 (sifted_z=797, sifted_x=766)
INFO [__main__] Vacuum QBER correction applied (pulse idx=2): errors_sifted_z 3 -> 6, errors_sifted_x 9 -> 8 (sifted_z=11, sifted_x=15)
INFO [__main__] Vacuum QBER correction applied (pulse idx=2): errors_sifted_z 17 -> 20, errors_sifted_x 25 -> 27 (sifted_z=39, sifted_x=54)
INFO [__main__] Vacuum QBER correction applied (pulse idx=2): errors_sifted_z 0 -> 68, errors_sifted_x 0 -> 62 (sifted_z=135, sifted_x=124)
INFO [__main__] Vacuum QBER correction applied (pulse idx=2): errors_sifted_z 43 -> 43, errors_sifted_x 33 -> 39 (sifted_z=86, sifted_x=78)
INFO [__main__] Vacuum QBER correction applied (pulse idx=2): errors_sifted_z 0 -> 44, errors_sifted_x 0 -> 46 (sifted_z=89, sifted_x=91)
INFO [__main__] Vacuum QBER correction applied (pulse idx=2): errors_sifted_z 0 -> 26, errors_sifted_x 0 -> 26 (sifted_z=52, sifted_x=51)
INFO [__main__] Vacuum QBER correction applied (pulse idx=2): errors_sifted_z 0 -> 12, errors_sifted_x 0 -> 13 (sifted_z=23, sifted_x=26)
INFO [__main__] Vacuum QBER correction applied (pulse idx=2): errors_sifted_z 0 -> 6, errors_sifted_x 0 -> 8 (sifted_z=11, sifted_x=15)
INFO [__main__] Vacuum QBER correction applied (pulse idx=2): errors_sifted_z 0 -> 4, errors_sifted_x 0 -> 2 (sifted_z=8, sifted_x=4)
INFO [__main__] Vacuum QBER correction applied (pulse idx=2): errors_sifted_z 0 -> 2, errors_sifted_x 0 -> 3 (sifted_z=5, sifted_x=6)
INFO [__main__] Vacuum QBER correction applied (pulse idx=2): errors_sifted_z 0 -> 2, errors_sifted_x 0 -> 0 (sifted_z=3, sifted_x=1)
INFO [__main__] Vacuum QBER correction applied (pulse idx=2): errors_sifted_z 0 -> 0, errors_sifted_x 0 -> 1 (sifted_z=0, sifted_x=2)
INFO [__main__] Vacuum QBER correction applied (pulse idx=2): errors_sifted_z 0 -> 16, errors_sifted_x 0 -> 16 (sifted_z=31, sifted_x=31)
INFO [__main__] Vacuum QBER correction applied (pulse idx=2): errors_sifted_z 0 -> 4, errors_sifted_x 0 -> 5 (sifted_z=9, sifted_x=10)
INFO [__main__] Vacuum QBER correction applied (pulse idx=2): errors_sifted_z 667 -> 694, errors_sifted_x 731 -> 704 (sifted_z=1388, sifted_x=1409)
INFO [__main__] Vacuum QBER correction applied (pulse idx=2): errors_sifted_z 1131 -> 1091, errors_sifted_x 1161 -> 1150 (sifted_z=2182, sifted_x=2300)
INFO [__main__] Vacuum QBER correction applied (pulse idx=2): errors_sifted_z 2813 -> 2807, errors_sifted_x 2759 -> 2826 (sifted_z=5614, sifted_x=5652)
INFO [__main__] Vacuum QBER correction applied (pulse idx=2): errors_sifted_z 450 -> 450, errors_sifted_x 446 -> 435 (sifted_z=901, sifted_x=870)
INFO [__main__] Vacuum QBER correction applied (pulse idx=2): errors_sifted_z 299 -> 298, errors_sifted_x 261 -> 266 (sifted_z=596, sifted_x=533)
INFO [__main__] Vacuum QBER correction applied (pulse idx=2): errors_sifted_z 196 -> 194, errors_sifted_x 195 -> 182 (sifted_z=388, sifted_x=364)
INFO [__main__] Vacuum QBER correction applied (pulse idx=2): errors_sifted_z 4311 -> 4335, errors_sifted_x 4330 -> 4290 (sifted_z=8670, sifted_x=8581)
INFO [__main__] Vacuum QBER correction applied (pulse idx=2): errors_sifted_z 68 -> 73, errors_sifted_x 71 -> 74 (sifted_z=146, sifted_x=149)
INFO [__main__] Vacuum QBER correction applied (pulse idx=2): errors_sifted_z 48 -> 45, errors_sifted_x 46 -> 49 (sifted_z=90, sifted_x=98)
INFO [__main__] Vacuum QBER correction applied (pulse idx=2): errors_sifted_z 34 -> 34, errors_sifted_x 34 -> 32 (sifted_z=68, sifted_x=63)
INFO [__main__] Vacuum QBER correction applied (pulse idx=2): errors_sifted_z 1775 -> 1767, errors_sifted_x 1738 -> 1812 (sifted_z=3534, sifted_x=3625)
INFO [__main__] Vacuum QBER correction applied (pulse idx=2): errors_sifted_z 21 -> 18, errors_sifted_x 20 -> 21 (sifted_z=36, sifted_x=42)
INFO [__main__] Vacuum QBER correction applied (pulse idx=2): errors_sifted_z 12 -> 13, errors_sifted_x 15 -> 14 (sifted_z=26, sifted_x=29)
INFO [__main__] Vacuum QBER correction applied (pulse idx=2): errors_sifted_z 116 -> 125, errors_sifted_x 124 -> 117 (sifted_z=250, sifted_x=234)
INFO [__main__] Vacuum QBER correction applied (pulse idx=2): errors_sifted_z 7 -> 8, errors_sifted_x 8 -> 7 (sifted_z=15, sifted_x=14)
INFO [__main__] Vacuum QBER correction applied (pulse idx=2): errors_sifted_z 4 -> 3, errors_sifted_x 7 -> 4 (sifted_z=6, sifted_x=9)
INFO [qkd.io] File saved atomically: /home/reza-aramjou/University/QProject/Mega Version 6/Final/4.1 QKD Simulation Framework/qkd_ui_runs/run_20260730_024918/qkd_results_optimized_sweep.csv (53.28 KB)
[INFO] Completed 1/96 simulations
[INFO] Completed 4/96 simulations
[INFO] Completed 8/96 simulations
[INFO] Completed 12/96 simulations
[INFO] Completed 16/96 simulations
[INFO] Completed 20/96 simulations
[INFO] Completed 24/96 simulations
[INFO] Completed 28/96 simulations
[INFO] Completed 32/96 simulations
[INFO] Completed 36/96 simulations
[INFO] Completed 40/96 simulations
[INFO] Completed 44/96 simulations
[INFO] Completed 48/96 simulations
[INFO] Completed 52/96 simulations
[INFO] Completed 56/96 simulations
[INFO] Completed 60/96 simulations
[INFO] Completed 64/96 simulations
[INFO] Completed 68/96 simulations
[INFO] Completed 72/96 simulations
[INFO] Completed 76/96 simulations
[INFO] Completed 80/96 simulations
[INFO] Completed 84/96 simulations
[INFO] Completed 88/96 simulations
[INFO] Completed 92/96 simulations
[INFO] Completed 96/96 simulations

[SUCCESS] Results saved to 'qkd_results_optimized_sweep.csv'.
Starting simulation in: /home/reza-aramjou/University/QProject/Mega Version 6/Final/4.1 QKD Simulation Framework/qkd_ui_runs/run_20260730_024918
Distance range: 0.0 km to 150.0 km (16 points)
Command: /home/reza-aramjou/miniconda3/envs/QC/bin/python3.13 /home/reza-aramjou/University/QProject/Mega Version 6/Final/4.1 QKD Simulation Framework/main_optimized.py --protocol-class BB84DecoyProtocol --fiber-loss 0.2 --det-eff-d0 0.15 --det-eff-d1 0.15 --dark-rate 1e-06 --qber-intrinsic 0.01 --misalignment 0.005 --detector-type SPD --min-pulses-log 7 --max-pulses-log 7 --rng-seed 12345 --distance-start-km 0.0 --distance-stop-km 150.0 --distance-points 16 --workers 8 --sweep-json {"detector.det_eff_d0": [0.1, 0.15, 0.2]}

