qkd package metadata not found; using version 'dev'.
[INFO] Loaded custom sweeps from CLI.
--- Running QKD Simulations (SWEEP MODE) ---
[WARNING] 19 workers may need ~9.3GB RAM. Risk of OOM!
[INFO] CPU Count: 20
[INFO] Using 19 worker processes
[INFO] Generated 3 hardware configuration combinations.
[INFO] Total simulations to run: 96
[INFO] Protocol selected: bb84-decoy
[INFO] Writing results to 'qkd_results_optimized_sweep.csv'
INFO [__main__] Vacuum QBER correction applied (pulse idx=2): errors_sifted_z 118 -> 120, errors_sifted_x 126 -> 132 (sifted_z=240, sifted_x=265)
INFO [__main__] Vacuum QBER correction applied (pulse idx=2): errors_sifted_z 0 -> 2, errors_sifted_x 0 -> 2 (sifted_z=5, sifted_x=3)
INFO [__main__] Vacuum QBER correction applied (pulse idx=2): errors_sifted_z 0 -> 2, errors_sifted_x 0 -> 4 (sifted_z=3, sifted_x=8)
INFO [__main__] Vacuum QBER correction applied (pulse idx=2): errors_sifted_z 0 -> 4, errors_sifted_x 0 -> 4 (sifted_z=8, sifted_x=9)
INFO [__main__] Vacuum QBER correction applied (pulse idx=2): errors_sifted_z 193 -> 204, errors_sifted_x 207 -> 206 (sifted_z=407, sifted_x=412)
INFO [__main__] Vacuum QBER correction applied (pulse idx=2): errors_sifted_z 0 -> 2, errors_sifted_x 0 -> 5 (sifted_z=3, sifted_x=10)
INFO [__main__] Vacuum QBER correction applied (pulse idx=2): errors_sifted_z 340 -> 340, errors_sifted_x 296 -> 310 (sifted_z=681, sifted_x=620)
INFO [__main__] Vacuum QBER correction applied (pulse idx=2): errors_sifted_z 31 -> 33, errors_sifted_x 30 -> 32 (sifted_z=66, sifted_x=63)
INFO [__main__] Vacuum QBER correction applied (pulse idx=2): errors_sifted_z 9 -> 8, errors_sifted_x 8 -> 6 (sifted_z=16, sifted_x=12)
INFO [__main__] Vacuum QBER correction applied (pulse idx=2): errors_sifted_z 1 -> 0, errors_sifted_x 0 -> 2 (sifted_z=1, sifted_x=3)
INFO [__main__] Vacuum QBER correction applied (pulse idx=2): errors_sifted_z 6 -> 5, errors_sifted_x 4 -> 2 (sifted_z=10, sifted_x=5)
INFO [__main__] Vacuum QBER correction applied (pulse idx=2): errors_sifted_z 0 -> 2, errors_sifted_x 0 -> 0 (sifted_z=3, sifted_x=1)
INFO [__main__] Vacuum QBER correction applied (pulse idx=2): errors_sifted_z 21 -> 24, errors_sifted_x 22 -> 22 (sifted_z=48, sifted_x=44)
INFO [__main__] Vacuum QBER correction applied (pulse idx=2): errors_sifted_z 1 -> 0, errors_sifted_x 0 -> 0 (sifted_z=1, sifted_x=0)
INFO [__main__] Vacuum QBER correction applied (pulse idx=2): errors_sifted_z 53 -> 48, errors_sifted_x 55 -> 54 (sifted_z=97, sifted_x=108)
INFO [__main__] Vacuum QBER correction applied (pulse idx=2): errors_sifted_z 0 -> 4, errors_sifted_x 0 -> 6 (sifted_z=7, sifted_x=11)
INFO [__main__] Vacuum QBER correction applied (pulse idx=2): errors_sifted_z 8 -> 8, errors_sifted_x 5 -> 8 (sifted_z=16, sifted_x=15)
INFO [__main__] Vacuum QBER correction applied (pulse idx=2): errors_sifted_z 0 -> 0, errors_sifted_x 0 -> 1 (sifted_z=1, sifted_x=2)
INFO [__main__] Vacuum QBER correction applied (pulse idx=2): errors_sifted_z 0 -> 0, errors_sifted_x 0 -> 1 (sifted_z=1, sifted_x=2)
INFO [__main__] Vacuum QBER correction applied (pulse idx=2): errors_sifted_z 90 -> 90, errors_sifted_x 97 -> 92 (sifted_z=179, sifted_x=184)
INFO [__main__] Vacuum QBER correction applied (pulse idx=2): errors_sifted_z 0 -> 4, errors_sifted_x 0 -> 4 (sifted_z=9, sifted_x=7)
INFO [__main__] Vacuum QBER correction applied (pulse idx=2): errors_sifted_z 10 -> 10, errors_sifted_x 14 -> 18 (sifted_z=19, sifted_x=37)
INFO [__main__] Vacuum QBER correction applied (pulse idx=2): errors_sifted_z 0 -> 2, errors_sifted_x 0 -> 3 (sifted_z=3, sifted_x=6)
INFO [__main__] Vacuum QBER correction applied (pulse idx=2): errors_sifted_z 235 -> 232, errors_sifted_x 244 -> 236 (sifted_z=465, sifted_x=472)
INFO [__main__] Vacuum QBER correction applied (pulse idx=2): errors_sifted_z 312 -> 334, errors_sifted_x 364 -> 372 (sifted_z=669, sifted_x=744)
INFO [__main__] Vacuum QBER correction applied (pulse idx=2): errors_sifted_z 0 -> 1, errors_sifted_x 0 -> 0 (sifted_z=2, sifted_x=0)
INFO [__main__] Vacuum QBER correction applied (pulse idx=2): errors_sifted_z 101 -> 97, errors_sifted_x 87 -> 90 (sifted_z=194, sifted_x=180)
INFO [__main__] Vacuum QBER correction applied (pulse idx=2): errors_sifted_z 4 -> 3, errors_sifted_x 4 -> 3 (sifted_z=6, sifted_x=6)
INFO [__main__] Vacuum QBER correction applied (pulse idx=2): errors_sifted_z 154 -> 159, errors_sifted_x 147 -> 154 (sifted_z=318, sifted_x=307)
INFO [__main__] Vacuum QBER correction applied (pulse idx=2): errors_sifted_z 0 -> 1, errors_sifted_x 0 -> 1 (sifted_z=2, sifted_x=2)
INFO [__main__] Vacuum QBER correction applied (pulse idx=2): errors_sifted_z 10 -> 16, errors_sifted_x 10 -> 10 (sifted_z=32, sifted_x=21)
INFO [__main__] Vacuum QBER correction applied (pulse idx=2): errors_sifted_z 9 -> 7, errors_sifted_x 9 -> 8 (sifted_z=14, sifted_x=16)
INFO [__main__] Vacuum QBER correction applied (pulse idx=2): errors_sifted_z 0 -> 2, errors_sifted_x 0 -> 0 (sifted_z=4, sifted_x=1)
INFO [__main__] Vacuum QBER correction applied (pulse idx=2): errors_sifted_z 10 -> 12, errors_sifted_x 12 -> 10 (sifted_z=23, sifted_x=21)
INFO [__main__] Vacuum QBER correction applied (pulse idx=2): errors_sifted_z 31 -> 32, errors_sifted_x 43 -> 38 (sifted_z=63, sifted_x=75)
INFO [__main__] Vacuum QBER correction applied (pulse idx=2): errors_sifted_z 30 -> 28, errors_sifted_x 26 -> 25 (sifted_z=56, sifted_x=50)
INFO [__main__] Vacuum QBER correction applied (pulse idx=2): errors_sifted_z 5 -> 5, errors_sifted_x 5 -> 6 (sifted_z=10, sifted_x=12)
INFO [__main__] Vacuum QBER correction applied (pulse idx=2): errors_sifted_z 0 -> 0, errors_sifted_x 0 -> 2 (sifted_z=1, sifted_x=3)
INFO [__main__] Vacuum QBER correction applied (pulse idx=2): errors_sifted_z 72 -> 68, errors_sifted_x 72 -> 64 (sifted_z=136, sifted_x=129)
INFO [__main__] Vacuum QBER correction applied (pulse idx=2): errors_sifted_z 0 -> 2, errors_sifted_x 0 -> 2 (sifted_z=5, sifted_x=3)
INFO [__main__] Vacuum QBER correction applied (pulse idx=2): errors_sifted_z 0 -> 5, errors_sifted_x 0 -> 6 (sifted_z=10, sifted_x=12)
INFO [__main__] Vacuum QBER correction applied (pulse idx=2): errors_sifted_z 0 -> 8, errors_sifted_x 0 -> 6 (sifted_z=16, sifted_x=11)
INFO [__main__] Vacuum QBER correction applied (pulse idx=2): errors_sifted_z 0 -> 2, errors_sifted_x 0 -> 2 (sifted_z=3, sifted_x=4)
INFO [__main__] Vacuum QBER correction applied (pulse idx=2): errors_sifted_z 105 -> 116, errors_sifted_x 95 -> 104 (sifted_z=233, sifted_x=207)
INFO [__main__] Vacuum QBER correction applied (pulse idx=2): errors_sifted_z 395 -> 408, errors_sifted_x 422 -> 462 (sifted_z=815, sifted_x=925)
INFO [__main__] Vacuum QBER correction applied (pulse idx=2): errors_sifted_z 155 -> 170, errors_sifted_x 148 -> 161 (sifted_z=340, sifted_x=322)
INFO [__main__] Vacuum QBER correction applied (pulse idx=2): errors_sifted_z 1 -> 3, errors_sifted_x 7 -> 4 (sifted_z=6, sifted_x=9)
INFO [__main__] Vacuum QBER correction applied (pulse idx=2): errors_sifted_z 11 -> 14, errors_sifted_x 18 -> 19 (sifted_z=29, sifted_x=38)
INFO [__main__] Vacuum QBER correction applied (pulse idx=2): errors_sifted_z 41 -> 42, errors_sifted_x 42 -> 42 (sifted_z=85, sifted_x=84)
INFO [__main__] Vacuum QBER correction applied (pulse idx=2): errors_sifted_z 3 -> 2, errors_sifted_x 2 -> 3 (sifted_z=4, sifted_x=6)
INFO [__main__] Vacuum QBER correction applied (pulse idx=2): errors_sifted_z 24 -> 28, errors_sifted_x 22 -> 26 (sifted_z=55, sifted_x=52)
INFO [__main__] Vacuum QBER correction applied (pulse idx=2): errors_sifted_z 234 -> 266, errors_sifted_x 276 -> 280 (sifted_z=531, sifted_x=561)
INFO [__main__] Vacuum QBER correction applied (pulse idx=2): errors_sifted_z 5 -> 4, errors_sifted_x 4 -> 4 (sifted_z=7, sifted_x=7)
INFO [__main__] Vacuum QBER correction applied (pulse idx=2): errors_sifted_z 5 -> 7, errors_sifted_x 10 -> 10 (sifted_z=14, sifted_x=19)
INFO [__main__] Vacuum QBER correction applied (pulse idx=2): errors_sifted_z 0 -> 1, errors_sifted_x 0 -> 0 (sifted_z=2, sifted_x=0)
INFO [__main__] Vacuum QBER correction applied (pulse idx=2): errors_sifted_z 0 -> 0, errors_sifted_x 1 -> 2 (sifted_z=1, sifted_x=4)
INFO [__main__] Vacuum QBER correction applied (pulse idx=2): errors_sifted_z 6 -> 7, errors_sifted_x 10 -> 8 (sifted_z=14, sifted_x=17)
INFO [__main__] Vacuum QBER correction applied (pulse idx=2): errors_sifted_z 56 -> 65, errors_sifted_x 64 -> 68 (sifted_z=130, sifted_x=135)
INFO [qkd.io] File saved atomically: /home/reza-aramjou/University/QProject/Mega Version 6/Final/4.1 QKD Simulation Framework/qkd_ui_runs/run_20260729_142611/qkd_results_optimized_sweep.csv (52.00 KB)
[INFO] Completed 1/96 simulations
[INFO] Completed 4/96 simulations
[INFO] Completed 8/96 simulations
[INFO] Completed 12/96 simulations
[INFO] Completed 16/96 simulations
[INFO] Completed 20/96 simulations
[INFO] Completed 24/96 simulations
[INFO] Completed 28/96 simulations
[INFO] Completed 32/96 simulations
[INFO] Completed 36/96 simulations
[INFO] Completed 40/96 simulations
[INFO] Completed 44/96 simulations
[INFO] Completed 48/96 simulations
[INFO] Completed 52/96 simulations
[INFO] Completed 56/96 simulations
[INFO] Completed 60/96 simulations
[INFO] Completed 64/96 simulations
[INFO] Completed 68/96 simulations
[INFO] Completed 72/96 simulations
[INFO] Completed 76/96 simulations
[INFO] Completed 80/96 simulations
[INFO] Completed 84/96 simulations
[INFO] Completed 88/96 simulations
[INFO] Completed 92/96 simulations
[INFO] Completed 96/96 simulations

[SUCCESS] Results saved to 'qkd_results_optimized_sweep.csv'.
Starting simulation in: /home/reza-aramjou/University/QProject/Mega Version 6/Final/4.1 QKD Simulation Framework/qkd_ui_runs/run_20260729_142611
Distance range: 0.0 km to 150.0 km (16 points)
Command: /home/reza-aramjou/miniconda3/envs/QC/bin/python3.13 /home/reza-aramjou/University/QProject/Mega Version 6/Final/4.1 QKD Simulation Framework/main_optimized.py --protocol-class BB84DecoyProtocol --fiber-loss 0.2 --det-eff-d0 0.15 --det-eff-d1 0.15 --dark-rate 1e-06 --qber-intrinsic 0.01 --misalignment 0.005 --detector-type SPD --min-pulses-log 6 --max-pulses-log 6 --rng-seed 12345 --distance-start-km 0.0 --distance-stop-km 150.0 --distance-points 16 --workers 19 --sweep-json {"detector.det_eff_d0": [0.1, 0.15, 0.2]}

