qkd package metadata not found; using version 'dev'.
[INFO] Loaded custom sweeps from CLI.
--- Running QKD Simulations (SWEEP MODE) ---
[INFO] CPU Count: 20
[INFO] Using 8 worker processes
[INFO] Generated 3 hardware configuration combinations.
[INFO] Total simulations to run: 96
[INFO] Protocol selected: b92
[INFO] Writing results to 'qkd_results_optimized_sweep.csv'
INFO [__main__] Vacuum QBER correction applied (pulse idx=2): errors_sifted_z 0 -> 1, errors_sifted_x 0 -> 0 (sifted_z=2, sifted_x=1)
INFO [__main__] Vacuum QBER correction applied (pulse idx=2): errors_sifted_z 0 -> 5, errors_sifted_x 0 -> 6 (sifted_z=10, sifted_x=11)
INFO [__main__] Vacuum QBER correction applied (pulse idx=2): errors_sifted_z 0 -> 24, errors_sifted_x 0 -> 24 (sifted_z=49, sifted_x=49)
INFO [__main__] Vacuum QBER correction applied (pulse idx=2): errors_sifted_z 0 -> 13, errors_sifted_x 0 -> 14 (sifted_z=26, sifted_x=27)
INFO [__main__] Vacuum QBER correction applied (pulse idx=2): errors_sifted_z 0 -> 3, errors_sifted_x 0 -> 2 (sifted_z=6, sifted_x=5)
INFO [__main__] Vacuum QBER correction applied (pulse idx=2): errors_sifted_z 0 -> 57, errors_sifted_x 0 -> 56 (sifted_z=114, sifted_x=113)
INFO [__main__] Vacuum QBER correction applied (pulse idx=2): errors_sifted_z 0 -> 8, errors_sifted_x 0 -> 8 (sifted_z=16, sifted_x=15)
INFO [__main__] Vacuum QBER correction applied (pulse idx=2): errors_sifted_z 0 -> 37, errors_sifted_x 0 -> 36 (sifted_z=74, sifted_x=73)
INFO [__main__] Vacuum QBER correction applied (pulse idx=2): errors_sifted_z 0 -> 1, errors_sifted_x 0 -> 0 (sifted_z=2, sifted_x=1)
INFO [__main__] Vacuum QBER correction applied (pulse idx=2): errors_sifted_z 0 -> 1, errors_sifted_x 0 -> 2 (sifted_z=2, sifted_x=3)
INFO [__main__] Vacuum QBER correction applied (pulse idx=2): errors_sifted_z 1966 -> 1995, errors_sifted_x 1966 -> 1994 (sifted_z=3990, sifted_x=3989)
INFO [__main__] Signal/decoy QBER correction applied (pulse idx=0, mu=0.5000, tau=6.309573e-01): errors_sifted_z 16398 -> 1052, errors_sifted_x 16399 -> 1052 (sifted_z=70163, sifted_x=70163, qber_theoretical=0.015000)
INFO [__main__] Signal/decoy QBER correction applied (pulse idx=1, mu=0.1000, tau=6.309573e-01): errors_sifted_z 1992 -> 74, errors_sifted_x 1993 -> 74 (sifted_z=4944, sifted_x=4945, qber_theoretical=0.015000)
INFO [__main__] Vacuum QBER correction applied (pulse idx=2): errors_sifted_z 3100 -> 3158, errors_sifted_x 3099 -> 3158 (sifted_z=6317, sifted_x=6317)
INFO [__main__] Signal/decoy QBER correction applied (pulse idx=0, mu=0.5000, tau=1.000000e+00): errors_sifted_z 25283 -> 1630, errors_sifted_x 25283 -> 1630 (sifted_z=108692, sifted_x=108691, qber_theoretical=0.015000)
INFO [__main__] Signal/decoy QBER correction applied (pulse idx=1, mu=0.1000, tau=1.000000e+00): errors_sifted_z 3093 -> 115, errors_sifted_x 3093 -> 115 (sifted_z=7688, sifted_x=7687, qber_theoretical=0.015000)
INFO [__main__] Vacuum QBER correction applied (pulse idx=2): errors_sifted_z 1238 -> 1274, errors_sifted_x 1239 -> 1274 (sifted_z=2548, sifted_x=2548)
INFO [__main__] Signal/decoy QBER correction applied (pulse idx=0, mu=0.5000, tau=3.981072e-01): errors_sifted_z 10414 -> 670, errors_sifted_x 10413 -> 670 (sifted_z=44696, sifted_x=44696, qber_theoretical=0.015000)
INFO [__main__] Signal/decoy QBER correction applied (pulse idx=1, mu=0.1000, tau=3.981072e-01): errors_sifted_z 1252 -> 47, errors_sifted_x 1253 -> 47 (sifted_z=3152, sifted_x=3153, qber_theoretical=0.015000)
INFO [__main__] Vacuum QBER correction applied (pulse idx=2): errors_sifted_z 791 -> 798, errors_sifted_x 791 -> 798 (sifted_z=1596, sifted_x=1596)
INFO [__main__] Signal/decoy QBER correction applied (pulse idx=0, mu=0.5000, tau=2.511886e-01): errors_sifted_z 6526 -> 424, errors_sifted_x 6525 -> 424 (sifted_z=28238, sifted_x=28237, qber_theoretical=0.015000)
INFO [__main__] Signal/decoy QBER correction applied (pulse idx=1, mu=0.1000, tau=2.511886e-01): errors_sifted_z 817 -> 30, errors_sifted_x 817 -> 30 (sifted_z=2026, sifted_x=2025, qber_theoretical=0.015000)
INFO [__main__] Vacuum QBER correction applied (pulse idx=2): errors_sifted_z 336 -> 332, errors_sifted_x 336 -> 332 (sifted_z=665, sifted_x=665)
INFO [__main__] Signal/decoy QBER correction applied (pulse idx=0, mu=0.5000, tau=1.000000e-01): errors_sifted_z 2638 -> 173, errors_sifted_x 2637 -> 173 (sifted_z=11511, sifted_x=11511, qber_theoretical=0.015000)
INFO [__main__] Signal/decoy QBER correction applied (pulse idx=1, mu=0.1000, tau=1.000000e-01): errors_sifted_z 327 -> 12, errors_sifted_x 327 -> 12 (sifted_z=812, sifted_x=811, qber_theoretical=0.015000)
INFO [__main__] Vacuum QBER correction applied (pulse idx=2): errors_sifted_z 191 -> 199, errors_sifted_x 191 -> 200 (sifted_z=398, sifted_x=399)
INFO [__main__] Signal/decoy QBER correction applied (pulse idx=0, mu=0.5000, tau=6.309573e-02): errors_sifted_z 1686 -> 106, errors_sifted_x 1685 -> 106 (sifted_z=7040, sifted_x=7040, qber_theoretical=0.015000)
INFO [__main__] Signal/decoy QBER correction applied (pulse idx=1, mu=0.1000, tau=6.309573e-02): errors_sifted_z 202 -> 8, errors_sifted_x 202 -> 8 (sifted_z=520, sifted_x=521, qber_theoretical=0.015000)
INFO [__main__] Vacuum QBER correction applied (pulse idx=2): errors_sifted_z 528 -> 524, errors_sifted_x 527 -> 524 (sifted_z=1048, sifted_x=1049)
INFO [__main__] Signal/decoy QBER correction applied (pulse idx=0, mu=0.5000, tau=1.584893e-01): errors_sifted_z 4204 -> 269, errors_sifted_x 4204 -> 269 (sifted_z=17933, sifted_x=17933, qber_theoretical=0.015000)
INFO [__main__] Signal/decoy QBER correction applied (pulse idx=1, mu=0.1000, tau=1.584893e-01): errors_sifted_z 500 -> 19, errors_sifted_x 499 -> 19 (sifted_z=1239, sifted_x=1239, qber_theoretical=0.015000)
INFO [__main__] Vacuum QBER correction applied (pulse idx=2): errors_sifted_z 30 -> 31, errors_sifted_x 30 -> 30 (sifted_z=62, sifted_x=61)
INFO [__main__] Signal/decoy QBER correction applied (pulse idx=0, mu=0.5000, tau=1.000000e-02): errors_sifted_z 279 -> 17, errors_sifted_x 279 -> 17 (sifted_z=1127, sifted_x=1127, qber_theoretical=0.015000)
INFO [__main__] Signal/decoy QBER correction applied (pulse idx=1, mu=0.1000, tau=1.000000e-02): errors_sifted_z 28 -> 1, errors_sifted_x 27 -> 1 (sifted_z=78, sifted_x=78, qber_theoretical=0.015000)
INFO [__main__] Vacuum QBER correction applied (pulse idx=2): errors_sifted_z 46 -> 47, errors_sifted_x 46 -> 46 (sifted_z=94, sifted_x=93)
INFO [__main__] Signal/decoy QBER correction applied (pulse idx=0, mu=0.5000, tau=1.584893e-02): errors_sifted_z 394 -> 26, errors_sifted_x 393 -> 26 (sifted_z=1751, sifted_x=1751, qber_theoretical=0.015000)
INFO [__main__] Signal/decoy QBER correction applied (pulse idx=1, mu=0.1000, tau=1.584893e-02): errors_sifted_z 52 -> 2, errors_sifted_x 52 -> 2 (sifted_z=122, sifted_x=121, qber_theoretical=0.015000)
INFO [__main__] Vacuum QBER correction applied (pulse idx=2): errors_sifted_z 76 -> 80, errors_sifted_x 76 -> 80 (sifted_z=160, sifted_x=160)
INFO [__main__] Signal/decoy QBER correction applied (pulse idx=0, mu=0.5000, tau=2.511886e-02): errors_sifted_z 701 -> 43, errors_sifted_x 701 -> 43 (sifted_z=2878, sifted_x=2877, qber_theoretical=0.015000)
INFO [__main__] Signal/decoy QBER correction applied (pulse idx=1, mu=0.1000, tau=2.511886e-02): errors_sifted_z 97 -> 3, errors_sifted_x 97 -> 3 (sifted_z=219, sifted_x=219, qber_theoretical=0.015000)
INFO [__main__] Vacuum QBER correction applied (pulse idx=2): errors_sifted_z 14 -> 13, errors_sifted_x 13 -> 12 (sifted_z=26, sifted_x=25)
INFO [__main__] Signal/decoy QBER correction applied (pulse idx=0, mu=0.5000, tau=3.981072e-03): errors_sifted_z 100 -> 7, errors_sifted_x 100 -> 7 (sifted_z=438, sifted_x=439, qber_theoretical=0.015000)
INFO [__main__] Signal/decoy QBER correction applied (pulse idx=1, mu=0.1000, tau=3.981072e-03): errors_sifted_z 12 -> 0, errors_sifted_x 13 -> 0 (sifted_z=32, sifted_x=31, qber_theoretical=0.015000)
INFO [__main__] Vacuum QBER correction applied (pulse idx=2): errors_sifted_z 17 -> 23, errors_sifted_x 17 -> 23 (sifted_z=46, sifted_x=46)
INFO [__main__] Signal/decoy QBER correction applied (pulse idx=0, mu=0.5000, tau=6.309573e-03): errors_sifted_z 180 -> 11, errors_sifted_x 179 -> 11 (sifted_z=717, sifted_x=717, qber_theoretical=0.015000)
INFO [__main__] Signal/decoy QBER correction applied (pulse idx=1, mu=0.1000, tau=6.309573e-03): errors_sifted_z 20 -> 1, errors_sifted_x 21 -> 1 (sifted_z=48, sifted_x=48, qber_theoretical=0.015000)
INFO [__main__] Vacuum QBER correction applied (pulse idx=2): errors_sifted_z 9 -> 10, errors_sifted_x 9 -> 10 (sifted_z=20, sifted_x=21)
INFO [__main__] Signal/decoy QBER correction applied (pulse idx=0, mu=0.5000, tau=2.511886e-03): errors_sifted_z 54 -> 4, errors_sifted_x 53 -> 4 (sifted_z=288, sifted_x=287, qber_theoretical=0.015000)
INFO [__main__] Signal/decoy QBER correction applied (pulse idx=1, mu=0.1000, tau=2.511886e-03): errors_sifted_z 6 -> 0, errors_sifted_x 7 -> 0 (sifted_z=20, sifted_x=19, qber_theoretical=0.015000)
INFO [__main__] Vacuum QBER correction applied (pulse idx=2): errors_sifted_z 122 -> 129, errors_sifted_x 122 -> 129 (sifted_z=258, sifted_x=258)
INFO [__main__] Vacuum QBER correction applied (pulse idx=2): errors_sifted_z 4 -> 3, errors_sifted_x 3 -> 2 (sifted_z=6, sifted_x=5)
INFO [__main__] Signal/decoy QBER correction applied (pulse idx=0, mu=0.5000, tau=1.000000e-03): errors_sifted_z 28 -> 2, errors_sifted_x 27 -> 2 (sifted_z=104, sifted_x=104, qber_theoretical=0.015000)
INFO [__main__] Signal/decoy QBER correction applied (pulse idx=0, mu=0.5000, tau=3.981072e-02): errors_sifted_z 1048 -> 67, errors_sifted_x 1049 -> 67 (sifted_z=4486, sifted_x=4485, qber_theoretical=0.015000)
INFO [__main__] Signal/decoy QBER correction applied (pulse idx=1, mu=0.1000, tau=1.000000e-03): errors_sifted_z 2 -> 0, errors_sifted_x 3 -> 0 (sifted_z=11, sifted_x=11, qber_theoretical=0.015000)
INFO [__main__] Signal/decoy QBER correction applied (pulse idx=1, mu=0.1000, tau=3.981072e-02): errors_sifted_z 126 -> 5, errors_sifted_x 127 -> 5 (sifted_z=312, sifted_x=311, qber_theoretical=0.015000)
INFO [__main__] Vacuum QBER correction applied (pulse idx=2): errors_sifted_z 0 -> 44, errors_sifted_x 0 -> 44 (sifted_z=88, sifted_x=87)
INFO [__main__] Vacuum QBER correction applied (pulse idx=2): errors_sifted_z 0 -> 61, errors_sifted_x 0 -> 60 (sifted_z=122, sifted_x=121)
INFO [__main__] Vacuum QBER correction applied (pulse idx=2): errors_sifted_z 0 -> 13, errors_sifted_x 0 -> 14 (sifted_z=26, sifted_x=27)
INFO [__main__] Vacuum QBER correction applied (pulse idx=2): errors_sifted_z 0 -> 11, errors_sifted_x 0 -> 11 (sifted_z=22, sifted_x=22)
INFO [__main__] Vacuum QBER correction applied (pulse idx=2): errors_sifted_z 4 -> 6, errors_sifted_x 5 -> 6 (sifted_z=11, sifted_x=11)
INFO [__main__] Signal/decoy QBER correction applied (pulse idx=0, mu=0.5000, tau=1.584893e-03): errors_sifted_z 46 -> 3, errors_sifted_x 45 -> 3 (sifted_z=175, sifted_x=175, qber_theoretical=0.015000)
INFO [__main__] Signal/decoy QBER correction applied (pulse idx=1, mu=0.1000, tau=1.584893e-03): errors_sifted_z 4 -> 0, errors_sifted_x 5 -> 0 (sifted_z=11, sifted_x=11, qber_theoretical=0.015000)
INFO [__main__] Vacuum QBER correction applied (pulse idx=2): errors_sifted_z 0 -> 4, errors_sifted_x 0 -> 4 (sifted_z=8, sifted_x=9)
INFO [__main__] Vacuum QBER correction applied (pulse idx=2): errors_sifted_z 0 -> 27, errors_sifted_x 0 -> 28 (sifted_z=54, sifted_x=55)
INFO [__main__] Vacuum QBER correction applied (pulse idx=2): errors_sifted_z 0 -> 6, errors_sifted_x 0 -> 6 (sifted_z=12, sifted_x=13)
INFO [__main__] Vacuum QBER correction applied (pulse idx=2): errors_sifted_z 0 -> 3, errors_sifted_x 0 -> 3 (sifted_z=6, sifted_x=6)
INFO [__main__] Vacuum QBER correction applied (pulse idx=2): errors_sifted_z 0 -> 2, errors_sifted_x 0 -> 2 (sifted_z=3, sifted_x=3)
INFO [__main__] Vacuum QBER correction applied (pulse idx=2): errors_sifted_z 0 -> 1, errors_sifted_x 0 -> 0 (sifted_z=2, sifted_x=1)
INFO [__main__] Vacuum QBER correction applied (pulse idx=2): errors_sifted_z 0 -> 1, errors_sifted_x 0 -> 0 (sifted_z=2, sifted_x=1)
INFO [__main__] Vacuum QBER correction applied (pulse idx=2): errors_sifted_z 3738 -> 3743, errors_sifted_x 3737 -> 3743 (sifted_z=7486, sifted_x=7486)
INFO [__main__] Signal/decoy QBER correction applied (pulse idx=0, mu=0.5000, tau=1.000000e+00): errors_sifted_z 30512 -> 1948, errors_sifted_x 30513 -> 1948 (sifted_z=129846, sifted_x=129846, qber_theoretical=0.015000)
INFO [__main__] Signal/decoy QBER correction applied (pulse idx=1, mu=0.1000, tau=1.000000e+00): errors_sifted_z 3731 -> 139, errors_sifted_x 3731 -> 139 (sifted_z=9264, sifted_x=9264, qber_theoretical=0.015000)
INFO [__main__] Signal/decoy QBER correction applied (pulse idx=0, mu=0.5000, tau=6.309573e-01): errors_sifted_z 19354 -> 1245, errors_sifted_x 19355 -> 1245 (sifted_z=82980, sifted_x=82979, qber_theoretical=0.015000)
INFO [__main__] Signal/decoy QBER correction applied (pulse idx=1, mu=0.1000, tau=6.309573e-01): errors_sifted_z 2384 -> 90, errors_sifted_x 2383 -> 90 (sifted_z=5986, sifted_x=5985, qber_theoretical=0.015000)
INFO [__main__] Vacuum QBER correction applied (pulse idx=2): errors_sifted_z 964 -> 969, errors_sifted_x 964 -> 969 (sifted_z=1938, sifted_x=1938)
INFO [__main__] Signal/decoy QBER correction applied (pulse idx=0, mu=0.5000, tau=2.511886e-01): errors_sifted_z 8034 -> 512, errors_sifted_x 8035 -> 512 (sifted_z=34101, sifted_x=34101, qber_theoretical=0.015000)
INFO [__main__] Signal/decoy QBER correction applied (pulse idx=1, mu=0.1000, tau=2.511886e-01): errors_sifted_z 936 -> 36, errors_sifted_x 935 -> 36 (sifted_z=2404, sifted_x=2403, qber_theoretical=0.015000)
INFO [__main__] Vacuum QBER correction applied (pulse idx=2): errors_sifted_z 1480 -> 1492, errors_sifted_x 1480 -> 1492 (sifted_z=2984, sifted_x=2985)
INFO [__main__] Signal/decoy QBER correction applied (pulse idx=0, mu=0.5000, tau=3.981072e-01): errors_sifted_z 12540 -> 803, errors_sifted_x 12541 -> 803 (sifted_z=53510, sifted_x=53511, qber_theoretical=0.015000)
INFO [__main__] Signal/decoy QBER correction applied (pulse idx=1, mu=0.1000, tau=3.981072e-01): errors_sifted_z 1508 -> 56, errors_sifted_x 1508 -> 56 (sifted_z=3755, sifted_x=3755, qber_theoretical=0.015000)
INFO [__main__] Vacuum QBER correction applied (pulse idx=2): errors_sifted_z 624 -> 624, errors_sifted_x 623 -> 624 (sifted_z=1248, sifted_x=1249)
INFO [__main__] Signal/decoy QBER correction applied (pulse idx=0, mu=0.5000, tau=1.584893e-01): errors_sifted_z 4868 -> 318, errors_sifted_x 4868 -> 318 (sifted_z=21167, sifted_x=21167, qber_theoretical=0.015000)
INFO [__main__] Signal/decoy QBER correction applied (pulse idx=1, mu=0.1000, tau=1.584893e-01): errors_sifted_z 593 -> 22, errors_sifted_x 593 -> 22 (sifted_z=1490, sifted_x=1489, qber_theoretical=0.015000)
INFO [__main__] Vacuum QBER correction applied (pulse idx=2): errors_sifted_z 406 -> 391, errors_sifted_x 406 -> 391 (sifted_z=782, sifted_x=782)
INFO [__main__] Signal/decoy QBER correction applied (pulse idx=0, mu=0.5000, tau=1.000000e-01): errors_sifted_z 3147 -> 203, errors_sifted_x 3147 -> 203 (sifted_z=13556, sifted_x=13555, qber_theoretical=0.015000)
INFO [__main__] Signal/decoy QBER correction applied (pulse idx=1, mu=0.1000, tau=1.000000e-01): errors_sifted_z 394 -> 15, errors_sifted_x 395 -> 15 (sifted_z=977, sifted_x=977, qber_theoretical=0.015000)
INFO [__main__] Vacuum QBER correction applied (pulse idx=2): errors_sifted_z 158 -> 164, errors_sifted_x 159 -> 164 (sifted_z=327, sifted_x=327)
INFO [__main__] Signal/decoy QBER correction applied (pulse idx=0, mu=0.5000, tau=3.981072e-02): errors_sifted_z 1299 -> 82, errors_sifted_x 1299 -> 82 (sifted_z=5468, sifted_x=5467, qber_theoretical=0.015000)
INFO [__main__] Signal/decoy QBER correction applied (pulse idx=1, mu=0.1000, tau=3.981072e-02): errors_sifted_z 155 -> 6, errors_sifted_x 155 -> 6 (sifted_z=384, sifted_x=385, qber_theoretical=0.015000)
INFO [__main__] Vacuum QBER correction applied (pulse idx=2): errors_sifted_z 244 -> 236, errors_sifted_x 243 -> 236 (sifted_z=473, sifted_x=473)
INFO [__main__] Signal/decoy QBER correction applied (pulse idx=0, mu=0.5000, tau=6.309573e-02): errors_sifted_z 1960 -> 127, errors_sifted_x 1961 -> 127 (sifted_z=8492, sifted_x=8491, qber_theoretical=0.015000)
INFO [__main__] Signal/decoy QBER correction applied (pulse idx=1, mu=0.1000, tau=6.309573e-02): errors_sifted_z 258 -> 9, errors_sifted_x 259 -> 9 (sifted_z=598, sifted_x=598, qber_theoretical=0.015000)
INFO [__main__] Vacuum QBER correction applied (pulse idx=2): errors_sifted_z 22 -> 24, errors_sifted_x 21 -> 24 (sifted_z=48, sifted_x=48)
INFO [__main__] Signal/decoy QBER correction applied (pulse idx=0, mu=0.5000, tau=6.309573e-03): errors_sifted_z 208 -> 12, errors_sifted_x 207 -> 12 (sifted_z=833, sifted_x=833, qber_theoretical=0.015000)
INFO [__main__] Signal/decoy QBER correction applied (pulse idx=1, mu=0.1000, tau=6.309573e-03): errors_sifted_z 22 -> 1, errors_sifted_x 22 -> 1 (sifted_z=56, sifted_x=57, qber_theoretical=0.015000)
INFO [__main__] Vacuum QBER correction applied (pulse idx=2): errors_sifted_z 35 -> 38, errors_sifted_x 35 -> 38 (sifted_z=76, sifted_x=77)
INFO [__main__] Signal/decoy QBER correction applied (pulse idx=0, mu=0.5000, tau=1.000000e-02): errors_sifted_z 324 -> 20, errors_sifted_x 324 -> 20 (sifted_z=1334, sifted_x=1333, qber_theoretical=0.015000)
INFO [__main__] Signal/decoy QBER correction applied (pulse idx=1, mu=0.1000, tau=1.000000e-02): errors_sifted_z 30 -> 1, errors_sifted_x 31 -> 1 (sifted_z=91, sifted_x=91, qber_theoretical=0.015000)
INFO [__main__] Vacuum QBER correction applied (pulse idx=2): errors_sifted_z 106 -> 103, errors_sifted_x 106 -> 104 (sifted_z=206, sifted_x=207)
INFO [__main__] Signal/decoy QBER correction applied (pulse idx=0, mu=0.5000, tau=2.511886e-02): errors_sifted_z 810 -> 51, errors_sifted_x 809 -> 51 (sifted_z=3408, sifted_x=3409, qber_theoretical=0.015000)
INFO [__main__] Signal/decoy QBER correction applied (pulse idx=1, mu=0.1000, tau=2.511886e-02): errors_sifted_z 98 -> 4, errors_sifted_x 97 -> 4 (sifted_z=240, sifted_x=241, qber_theoretical=0.015000)
INFO [__main__] Vacuum QBER correction applied (pulse idx=2): errors_sifted_z 64 -> 59, errors_sifted_x 63 -> 59 (sifted_z=118, sifted_x=118)
INFO [__main__] Signal/decoy QBER correction applied (pulse idx=0, mu=0.5000, tau=1.584893e-02): errors_sifted_z 532 -> 33, errors_sifted_x 531 -> 33 (sifted_z=2188, sifted_x=2189, qber_theoretical=0.015000)
INFO [__main__] Signal/decoy QBER correction applied (pulse idx=1, mu=0.1000, tau=1.584893e-02): errors_sifted_z 58 -> 2, errors_sifted_x 59 -> 2 (sifted_z=143, sifted_x=143, qber_theoretical=0.015000)
INFO [__main__] Vacuum QBER correction applied (pulse idx=2): errors_sifted_z 6 -> 7, errors_sifted_x 6 -> 6 (sifted_z=14, sifted_x=13)
INFO [__main__] Signal/decoy QBER correction applied (pulse idx=0, mu=0.5000, tau=1.584893e-03): errors_sifted_z 48 -> 3, errors_sifted_x 49 -> 3 (sifted_z=199, sifted_x=199, qber_theoretical=0.015000)
INFO [__main__] Signal/decoy QBER correction applied (pulse idx=1, mu=0.1000, tau=1.584893e-03): errors_sifted_z 6 -> 0, errors_sifted_x 5 -> 0 (sifted_z=10, sifted_x=11, qber_theoretical=0.015000)
INFO [__main__] Vacuum QBER correction applied (pulse idx=2): errors_sifted_z 7 -> 9, errors_sifted_x 7 -> 9 (sifted_z=18, sifted_x=18)
INFO [__main__] Signal/decoy QBER correction applied (pulse idx=0, mu=0.5000, tau=2.511886e-03): errors_sifted_z 91 -> 6, errors_sifted_x 91 -> 6 (sifted_z=370, sifted_x=371, qber_theoretical=0.015000)
INFO [__main__] Signal/decoy QBER correction applied (pulse idx=1, mu=0.1000, tau=2.511886e-03): errors_sifted_z 10 -> 0, errors_sifted_x 9 -> 0 (sifted_z=24, sifted_x=23, qber_theoretical=0.015000)
INFO [__main__] Signal/decoy QBER correction applied (pulse idx=0, mu=0.5000, tau=1.000000e-03): errors_sifted_z 34 -> 2, errors_sifted_x 35 -> 2 (sifted_z=146, sifted_x=145, qber_theoretical=0.015000)
INFO [__main__] Signal/decoy QBER correction applied (pulse idx=1, mu=0.1000, tau=1.000000e-03): errors_sifted_z 2 -> 0, errors_sifted_x 3 -> 0 (sifted_z=8, sifted_x=7, qber_theoretical=0.015000)
INFO [__main__] Vacuum QBER correction applied (pulse idx=2): errors_sifted_z 0 -> 46, errors_sifted_x 0 -> 46 (sifted_z=92, sifted_x=92)
INFO [__main__] Vacuum QBER correction applied (pulse idx=2): errors_sifted_z 0 -> 71, errors_sifted_x 0 -> 71 (sifted_z=142, sifted_x=142)
INFO [__main__] Vacuum QBER correction applied (pulse idx=2): errors_sifted_z 0 -> 17, errors_sifted_x 0 -> 16 (sifted_z=34, sifted_x=33)
INFO [__main__] Vacuum QBER correction applied (pulse idx=2): errors_sifted_z 0 -> 8, errors_sifted_x 0 -> 8 (sifted_z=16, sifted_x=15)
INFO [__main__] Vacuum QBER correction applied (pulse idx=2): errors_sifted_z 17 -> 14, errors_sifted_x 17 -> 14 (sifted_z=27, sifted_x=27)
INFO [__main__] Signal/decoy QBER correction applied (pulse idx=0, mu=0.5000, tau=3.981072e-03): errors_sifted_z 138 -> 8, errors_sifted_x 139 -> 8 (sifted_z=566, sifted_x=565, qber_theoretical=0.015000)
INFO [__main__] Signal/decoy QBER correction applied (pulse idx=1, mu=0.1000, tau=3.981072e-03): errors_sifted_z 14 -> 1, errors_sifted_x 13 -> 1 (sifted_z=39, sifted_x=39, qber_theoretical=0.015000)
INFO [__main__] Vacuum QBER correction applied (pulse idx=2): errors_sifted_z 0 -> 14, errors_sifted_x 0 -> 14 (sifted_z=28, sifted_x=29)
INFO [__main__] Vacuum QBER correction applied (pulse idx=2): errors_sifted_z 0 -> 4, errors_sifted_x 0 -> 4 (sifted_z=7, sifted_x=7)
INFO [__main__] Vacuum QBER correction applied (pulse idx=2): errors_sifted_z 0 -> 2, errors_sifted_x 0 -> 2 (sifted_z=4, sifted_x=4)
INFO [__main__] Vacuum QBER correction applied (pulse idx=2): errors_sifted_z 0 -> 1, errors_sifted_x 0 -> 1 (sifted_z=2, sifted_x=2)
INFO [__main__] Vacuum QBER correction applied (pulse idx=2): errors_sifted_z 0 -> 4, errors_sifted_x 0 -> 4 (sifted_z=7, sifted_x=7)
INFO [__main__] Vacuum QBER correction applied (pulse idx=2): errors_sifted_z 0 -> 30, errors_sifted_x 0 -> 30 (sifted_z=60, sifted_x=59)
INFO [__main__] Vacuum QBER correction applied (pulse idx=2): errors_sifted_z 4268 -> 4316, errors_sifted_x 4269 -> 4316 (sifted_z=8632, sifted_x=8632)
INFO [__main__] Signal/decoy QBER correction applied (pulse idx=0, mu=0.5000, tau=1.000000e+00): errors_sifted_z 35130 -> 2252, errors_sifted_x 35129 -> 2252 (sifted_z=150160, sifted_x=150159, qber_theoretical=0.015000)
INFO [__main__] Signal/decoy QBER correction applied (pulse idx=1, mu=0.1000, tau=1.000000e+00): errors_sifted_z 4388 -> 160, errors_sifted_x 4387 -> 160 (sifted_z=10661, sifted_x=10661, qber_theoretical=0.015000)
INFO [__main__] Vacuum QBER correction applied (pulse idx=2): errors_sifted_z 1118 -> 1130, errors_sifted_x 1118 -> 1130 (sifted_z=2260, sifted_x=2259)
INFO [__main__] Signal/decoy QBER correction applied (pulse idx=0, mu=0.5000, tau=2.511886e-01): errors_sifted_z 9324 -> 593, errors_sifted_x 9324 -> 593 (sifted_z=39547, sifted_x=39547, qber_theoretical=0.015000)
INFO [__main__] Signal/decoy QBER correction applied (pulse idx=1, mu=0.1000, tau=2.511886e-01): errors_sifted_z 1100 -> 41, errors_sifted_x 1100 -> 41 (sifted_z=2732, sifted_x=2733, qber_theoretical=0.015000)
INFO [__main__] Vacuum QBER correction applied (pulse idx=2): errors_sifted_z 712 -> 726, errors_sifted_x 713 -> 726 (sifted_z=1451, sifted_x=1451)
INFO [__main__] Signal/decoy QBER correction applied (pulse idx=0, mu=0.5000, tau=1.584893e-01): errors_sifted_z 5761 -> 374, errors_sifted_x 5761 -> 374 (sifted_z=24948, sifted_x=24947, qber_theoretical=0.015000)
INFO [__main__] Signal/decoy QBER correction applied (pulse idx=1, mu=0.1000, tau=1.584893e-01): errors_sifted_z 702 -> 27, errors_sifted_x 703 -> 27 (sifted_z=1770, sifted_x=1769, qber_theoretical=0.015000)
INFO [__main__] Vacuum QBER correction applied (pulse idx=2): errors_sifted_z 428 -> 451, errors_sifted_x 427 -> 450 (sifted_z=902, sifted_x=901)
INFO [__main__] Signal/decoy QBER correction applied (pulse idx=0, mu=0.5000, tau=1.000000e-01): errors_sifted_z 3682 -> 236, errors_sifted_x 3683 -> 236 (sifted_z=15750, sifted_x=15749, qber_theoretical=0.015000)
INFO [__main__] Signal/decoy QBER correction applied (pulse idx=1, mu=0.1000, tau=1.000000e-01): errors_sifted_z 446 -> 17, errors_sifted_x 446 -> 17 (sifted_z=1102, sifted_x=1101, qber_theoretical=0.015000)
INFO [__main__] Vacuum QBER correction applied (pulse idx=2): errors_sifted_z 292 -> 285, errors_sifted_x 291 -> 284 (sifted_z=570, sifted_x=569)
INFO [__main__] Signal/decoy QBER correction applied (pulse idx=0, mu=0.5000, tau=6.309573e-02): errors_sifted_z 2326 -> 150, errors_sifted_x 2326 -> 150 (sifted_z=10022, sifted_x=10021, qber_theoretical=0.015000)
INFO [__main__] Signal/decoy QBER correction applied (pulse idx=1, mu=0.1000, tau=6.309573e-02): errors_sifted_z 264 -> 11, errors_sifted_x 264 -> 11 (sifted_z=718, sifted_x=718, qber_theoretical=0.015000)
INFO [__main__] Vacuum QBER correction applied (pulse idx=2): errors_sifted_z 2761 -> 2787, errors_sifted_x 2761 -> 2786 (sifted_z=5574, sifted_x=5573)
INFO [__main__] Signal/decoy QBER correction applied (pulse idx=0, mu=0.5000, tau=6.309573e-01): errors_sifted_z 22596 -> 1448, errors_sifted_x 22597 -> 1448 (sifted_z=96524, sifted_x=96524, qber_theoretical=0.015000)
INFO [__main__] Signal/decoy QBER correction applied (pulse idx=1, mu=0.1000, tau=6.309573e-01): errors_sifted_z 2796 -> 104, errors_sifted_x 2797 -> 104 (sifted_z=6948, sifted_x=6947, qber_theoretical=0.015000)
INFO [__main__] Vacuum QBER correction applied (pulse idx=2): errors_sifted_z 114 -> 116, errors_sifted_x 113 -> 116 (sifted_z=233, sifted_x=233)
INFO [__main__] Signal/decoy QBER correction applied (pulse idx=0, mu=0.5000, tau=2.511886e-02): errors_sifted_z 924 -> 60, errors_sifted_x 924 -> 60 (sifted_z=4010, sifted_x=4010, qber_theoretical=0.015000)
INFO [__main__] Signal/decoy QBER correction applied (pulse idx=1, mu=0.1000, tau=2.511886e-02): errors_sifted_z 124 -> 5, errors_sifted_x 124 -> 5 (sifted_z=315, sifted_x=315, qber_theoretical=0.015000)
INFO [__main__] Vacuum QBER correction applied (pulse idx=2): errors_sifted_z 168 -> 181, errors_sifted_x 169 -> 182 (sifted_z=362, sifted_x=363)
INFO [__main__] Signal/decoy QBER correction applied (pulse idx=0, mu=0.5000, tau=3.981072e-02): errors_sifted_z 1493 -> 96, errors_sifted_x 1493 -> 96 (sifted_z=6380, sifted_x=6381, qber_theoretical=0.015000)
INFO [__main__] Signal/decoy QBER correction applied (pulse idx=1, mu=0.1000, tau=3.981072e-02): errors_sifted_z 186 -> 7, errors_sifted_x 186 -> 7 (sifted_z=446, sifted_x=445, qber_theoretical=0.015000)
INFO [__main__] Vacuum QBER correction applied (pulse idx=2): errors_sifted_z 1795 -> 1787, errors_sifted_x 1795 -> 1786 (sifted_z=3574, sifted_x=3573)
INFO [__main__] Signal/decoy QBER correction applied (pulse idx=0, mu=0.5000, tau=3.981072e-01): errors_sifted_z 14396 -> 927, errors_sifted_x 14395 -> 927 (sifted_z=61830, sifted_x=61830, qber_theoretical=0.015000)
INFO [__main__] Signal/decoy QBER correction applied (pulse idx=1, mu=0.1000, tau=3.981072e-01): errors_sifted_z 1771 -> 66, errors_sifted_x 1771 -> 66 (sifted_z=4392, sifted_x=4391, qber_theoretical=0.015000)
INFO [__main__] Vacuum QBER correction applied (pulse idx=2): errors_sifted_z 71 -> 70, errors_sifted_x 71 -> 70 (sifted_z=139, sifted_x=139)
INFO [__main__] Signal/decoy QBER correction applied (pulse idx=0, mu=0.5000, tau=1.584893e-02): errors_sifted_z 594 -> 38, errors_sifted_x 595 -> 38 (sifted_z=2526, sifted_x=2525, qber_theoretical=0.015000)
INFO [__main__] Signal/decoy QBER correction applied (pulse idx=1, mu=0.1000, tau=1.584893e-02): errors_sifted_z 67 -> 2, errors_sifted_x 67 -> 2 (sifted_z=163, sifted_x=163, qber_theoretical=0.015000)
INFO [__main__] Vacuum QBER correction applied (pulse idx=2): errors_sifted_z 17 -> 18, errors_sifted_x 17 -> 18 (sifted_z=36, sifted_x=35)
INFO [__main__] Signal/decoy QBER correction applied (pulse idx=0, mu=0.5000, tau=3.981072e-03): errors_sifted_z 158 -> 9, errors_sifted_x 158 -> 9 (sifted_z=630, sifted_x=631, qber_theoretical=0.015000)
INFO [__main__] Signal/decoy QBER correction applied (pulse idx=1, mu=0.1000, tau=3.981072e-03): errors_sifted_z 21 -> 1, errors_sifted_x 21 -> 1 (sifted_z=54, sifted_x=55, qber_theoretical=0.015000)
INFO [__main__] Vacuum QBER correction applied (pulse idx=2): errors_sifted_z 30 -> 30, errors_sifted_x 29 -> 30 (sifted_z=60, sifted_x=61)
INFO [__main__] Signal/decoy QBER correction applied (pulse idx=0, mu=0.5000, tau=6.309573e-03): errors_sifted_z 250 -> 16, errors_sifted_x 250 -> 16 (sifted_z=1041, sifted_x=1041, qber_theoretical=0.015000)
INFO [__main__] Signal/decoy QBER correction applied (pulse idx=1, mu=0.1000, tau=6.309573e-03): errors_sifted_z 28 -> 1, errors_sifted_x 27 -> 1 (sifted_z=67, sifted_x=67, qber_theoretical=0.015000)
INFO [__main__] Vacuum QBER correction applied (pulse idx=2): errors_sifted_z 48 -> 44, errors_sifted_x 48 -> 44 (sifted_z=88, sifted_x=89)
INFO [__main__] Signal/decoy QBER correction applied (pulse idx=0, mu=0.5000, tau=1.000000e-02): errors_sifted_z 373 -> 23, errors_sifted_x 373 -> 23 (sifted_z=1555, sifted_x=1555, qber_theoretical=0.015000)
INFO [__main__] Signal/decoy QBER correction applied (pulse idx=1, mu=0.1000, tau=1.000000e-02): errors_sifted_z 54 -> 2, errors_sifted_x 53 -> 2 (sifted_z=118, sifted_x=119, qber_theoretical=0.015000)
INFO [__main__] Vacuum QBER correction applied (pulse idx=2): errors_sifted_z 6 -> 7, errors_sifted_x 7 -> 8 (sifted_z=14, sifted_x=15)
INFO [__main__] Signal/decoy QBER correction applied (pulse idx=0, mu=0.5000, tau=1.584893e-03): errors_sifted_z 69 -> 4, errors_sifted_x 69 -> 4 (sifted_z=244, sifted_x=244, qber_theoretical=0.015000)
INFO [__main__] Signal/decoy QBER correction applied (pulse idx=1, mu=0.1000, tau=1.584893e-03): errors_sifted_z 6 -> 0, errors_sifted_x 5 -> 0 (sifted_z=20, sifted_x=20, qber_theoretical=0.015000)
INFO [__main__] Vacuum QBER correction applied (pulse idx=2): errors_sifted_z 13 -> 11, errors_sifted_x 13 -> 11 (sifted_z=22, sifted_x=22)
INFO [__main__] Signal/decoy QBER correction applied (pulse idx=0, mu=0.5000, tau=2.511886e-03): errors_sifted_z 84 -> 6, errors_sifted_x 84 -> 6 (sifted_z=393, sifted_x=393, qber_theoretical=0.015000)
INFO [__main__] Signal/decoy QBER correction applied (pulse idx=1, mu=0.1000, tau=2.511886e-03): errors_sifted_z 13 -> 1, errors_sifted_x 13 -> 1 (sifted_z=36, sifted_x=35, qber_theoretical=0.015000)
INFO [__main__] Vacuum QBER correction applied (pulse idx=2): errors_sifted_z 8 -> 6, errors_sifted_x 8 -> 6 (sifted_z=12, sifted_x=12)
INFO [__main__] Signal/decoy QBER correction applied (pulse idx=0, mu=0.5000, tau=1.000000e-03): errors_sifted_z 46 -> 3, errors_sifted_x 46 -> 3 (sifted_z=176, sifted_x=177, qber_theoretical=0.015000)
INFO [__main__] Signal/decoy QBER correction applied (pulse idx=1, mu=0.1000, tau=1.000000e-03): errors_sifted_z 3 -> 0, errors_sifted_x 3 -> 0 (sifted_z=11, sifted_x=11, qber_theoretical=0.015000)
INFO [qkd.io] File saved atomically: /home/reza-aramjou/University/QProject/Mega Version 6/Final/4.1 QKD Simulation Framework/qkd_ui_runs/run_20260730_034328/qkd_results_optimized_sweep.csv (52.48 KB)
[INFO] Completed 1/96 simulations
[INFO] Completed 4/96 simulations
[INFO] Completed 8/96 simulations
[INFO] Completed 12/96 simulations
[INFO] Completed 16/96 simulations
[INFO] Completed 20/96 simulations
[INFO] Completed 24/96 simulations
[INFO] Completed 28/96 simulations
[INFO] Completed 32/96 simulations
[INFO] Completed 36/96 simulations
[INFO] Completed 40/96 simulations
[INFO] Completed 44/96 simulations
[INFO] Completed 48/96 simulations
[INFO] Completed 52/96 simulations
[INFO] Completed 56/96 simulations
[INFO] Completed 60/96 simulations
[INFO] Completed 64/96 simulations
[INFO] Completed 68/96 simulations
[INFO] Completed 72/96 simulations
[INFO] Completed 76/96 simulations
[INFO] Completed 80/96 simulations
[INFO] Completed 84/96 simulations
[INFO] Completed 88/96 simulations
[INFO] Completed 92/96 simulations
[INFO] Completed 96/96 simulations

[SUCCESS] Results saved to 'qkd_results_optimized_sweep.csv'.
Starting simulation in: /home/reza-aramjou/University/QProject/Mega Version 6/Final/4.1 QKD Simulation Framework/qkd_ui_runs/run_20260730_034328
Distance range: 0.0 km to 150.0 km (16 points)
Command: /home/reza-aramjou/miniconda3/envs/QC/bin/python3.13 /home/reza-aramjou/University/QProject/Mega Version 6/Final/4.1 QKD Simulation Framework/main_optimized.py --protocol-class B92Protocol --fiber-loss 0.2 --det-eff-d0 0.15 --det-eff-d1 0.15 --dark-rate 1e-06 --qber-intrinsic 0.01 --misalignment 0.005 --detector-type SPD --min-pulses-log 7 --max-pulses-log 7 --rng-seed 12345 --distance-start-km 0.0 --distance-stop-km 150.0 --distance-points 16 --workers 8 --sweep-json {"detector.det_eff_d0": [0.1, 0.15, 0.2]}

