--- Running QKD Simulations (SWEEP MODE) ---
[INFO] CPU Count: 20
[INFO] Using 8 worker processes
[INFO] Generated 4 hardware configuration combinations.
[INFO] Total simulations to run: 128
[INFO] Protocol selected: bb84-decoy
[INFO] Writing results to 'qkd_results_optimized_sweep.csv'
[INFO] Completed 1/128 simulations
[INFO] Completed 6/128 simulations
[INFO] Completed 12/128 simulations
[INFO] Completed 18/128 simulations
[INFO] Completed 24/128 simulations
[INFO] Completed 30/128 simulations
[INFO] Completed 36/128 simulations
[INFO] Completed 42/128 simulations
[INFO] Completed 48/128 simulations
[INFO] Completed 54/128 simulations
[INFO] Completed 60/128 simulations
[INFO] Completed 66/128 simulations
[INFO] Completed 72/128 simulations
[INFO] Completed 78/128 simulations
[INFO] Completed 84/128 simulations
[INFO] Completed 90/128 simulations
[INFO] Completed 96/128 simulations
[INFO] Completed 102/128 simulations
[INFO] Completed 108/128 simulations
[INFO] Completed 114/128 simulations
[INFO] Completed 120/128 simulations
[INFO] Completed 126/128 simulations
[INFO] Completed 128/128 simulations

[SUCCESS] Results saved to 'qkd_results_optimized_sweep.csv'.
