qkd package metadata not found; using version 'dev'.
[INFO] Loaded custom sweeps from CLI.
--- Running QKD Simulations (SWEEP MODE) ---
[INFO] CPU Count: 20
[INFO] Using 8 worker processes
[INFO] Generated 3 hardware configuration combinations.
[INFO] Total simulations to run: 96
[INFO] Protocol selected: bb84-decoy
[INFO] Writing results to 'qkd_results_optimized_sweep.csv'
INFO [__main__] Vacuum QBER correction applied (pulse idx=2): errors_sifted_z 0 -> 4, errors_sifted_x 0 -> 1 (sifted_z=8, sifted_x=2)
INFO [__main__] Vacuum QBER correction applied (pulse idx=2): errors_sifted_z 0 -> 3, errors_sifted_x 0 -> 2 (sifted_z=6, sifted_x=5)
INFO [__main__] Vacuum QBER correction applied (pulse idx=2): errors_sifted_z 0 -> 5, errors_sifted_x 0 -> 4 (sifted_z=10, sifted_x=9)
INFO [__main__] Vacuum QBER correction applied (pulse idx=2): errors_sifted_z 0 -> 52, errors_sifted_x 0 -> 51 (sifted_z=105, sifted_x=102)
INFO [__main__] Vacuum QBER correction applied (pulse idx=2): errors_sifted_z 0 -> 12, errors_sifted_x 0 -> 9 (sifted_z=25, sifted_x=18)
INFO [__main__] Vacuum QBER correction applied (pulse idx=2): errors_sifted_z 0 -> 20, errors_sifted_x 0 -> 20 (sifted_z=39, sifted_x=40)
INFO [__main__] Vacuum QBER correction applied (pulse idx=2): errors_sifted_z 0 -> 33, errors_sifted_x 0 -> 24 (sifted_z=66, sifted_x=49)
INFO [__main__] Vacuum QBER correction applied (pulse idx=2): errors_sifted_z 0 -> 12, errors_sifted_x 0 -> 11 (sifted_z=24, sifted_x=22)
INFO [__main__] Vacuum QBER correction applied (pulse idx=2): errors_sifted_z 0 -> 1, errors_sifted_x 0 -> 1 (sifted_z=2, sifted_x=2)
INFO [__main__] Vacuum QBER correction applied (pulse idx=2): errors_sifted_z 0 -> 1, errors_sifted_x 0 -> 0 (sifted_z=2, sifted_x=1)
INFO [__main__] Vacuum QBER correction applied (pulse idx=2): errors_sifted_z 3476 -> 3412, errors_sifted_x 3401 -> 3419 (sifted_z=6825, sifted_x=6838)
INFO [__main__] Vacuum QBER correction applied (pulse idx=2): errors_sifted_z 892 -> 894, errors_sifted_x 875 -> 899 (sifted_z=1788, sifted_x=1798)
INFO [__main__] Vacuum QBER correction applied (pulse idx=2): errors_sifted_z 326 -> 353, errors_sifted_x 325 -> 338 (sifted_z=706, sifted_x=675)
INFO [__main__] Vacuum QBER correction applied (pulse idx=2): errors_sifted_z 1384 -> 1405, errors_sifted_x 1417 -> 1420 (sifted_z=2810, sifted_x=2839)
INFO [__main__] Vacuum QBER correction applied (pulse idx=2): errors_sifted_z 638 -> 618, errors_sifted_x 567 -> 578 (sifted_z=1235, sifted_x=1155)
INFO [__main__] Vacuum QBER correction applied (pulse idx=2): errors_sifted_z 2217 -> 2216, errors_sifted_x 2199 -> 2240 (sifted_z=4431, sifted_x=4479)
INFO [__main__] Vacuum QBER correction applied (pulse idx=2): errors_sifted_z 90 -> 88, errors_sifted_x 87 -> 92 (sifted_z=176, sifted_x=184)
INFO [__main__] Vacuum QBER correction applied (pulse idx=2): errors_sifted_z 16 -> 15, errors_sifted_x 17 -> 14 (sifted_z=30, sifted_x=29)
INFO [__main__] Vacuum QBER correction applied (pulse idx=2): errors_sifted_z 21 -> 18, errors_sifted_x 25 -> 20 (sifted_z=36, sifted_x=41)
INFO [__main__] Vacuum QBER correction applied (pulse idx=2): errors_sifted_z 63 -> 58, errors_sifted_x 56 -> 48 (sifted_z=116, sifted_x=95)
INFO [__main__] Vacuum QBER correction applied (pulse idx=2): errors_sifted_z 35 -> 36, errors_sifted_x 29 -> 28 (sifted_z=71, sifted_x=56)
INFO [__main__] Vacuum QBER correction applied (pulse idx=2): errors_sifted_z 204 -> 218, errors_sifted_x 205 -> 218 (sifted_z=437, sifted_x=436)
INFO [__main__] Vacuum QBER correction applied (pulse idx=2): errors_sifted_z 8 -> 8, errors_sifted_x 7 -> 8 (sifted_z=15, sifted_x=16)
INFO [__main__] Vacuum QBER correction applied (pulse idx=2): errors_sifted_z 112 -> 129, errors_sifted_x 162 -> 150 (sifted_z=258, sifted_x=301)
INFO [__main__] Vacuum QBER correction applied (pulse idx=2): errors_sifted_z 3 -> 4, errors_sifted_x 6 -> 6 (sifted_z=8, sifted_x=11)
INFO [__main__] Vacuum QBER correction applied (pulse idx=2): errors_sifted_z 0 -> 26, errors_sifted_x 0 -> 19 (sifted_z=52, sifted_x=38)
INFO [__main__] Vacuum QBER correction applied (pulse idx=2): errors_sifted_z 0 -> 42, errors_sifted_x 0 -> 34 (sifted_z=84, sifted_x=68)
INFO [__main__] Vacuum QBER correction applied (pulse idx=2): errors_sifted_z 0 -> 47, errors_sifted_x 0 -> 56 (sifted_z=94, sifted_x=112)
INFO [__main__] Vacuum QBER correction applied (pulse idx=2): errors_sifted_z 0 -> 11, errors_sifted_x 0 -> 6 (sifted_z=22, sifted_x=11)
INFO [__main__] Vacuum QBER correction applied (pulse idx=2): errors_sifted_z 0 -> 6, errors_sifted_x 0 -> 7 (sifted_z=12, sifted_x=14)
INFO [__main__] Vacuum QBER correction applied (pulse idx=2): errors_sifted_z 0 -> 6, errors_sifted_x 0 -> 2 (sifted_z=11, sifted_x=4)
INFO [__main__] Vacuum QBER correction applied (pulse idx=2): errors_sifted_z 0 -> 2, errors_sifted_x 0 -> 1 (sifted_z=3, sifted_x=2)
INFO [__main__] Vacuum QBER correction applied (pulse idx=2): errors_sifted_z 0 -> 2, errors_sifted_x 0 -> 2 (sifted_z=5, sifted_x=3)
INFO [__main__] Vacuum QBER correction applied (pulse idx=2): errors_sifted_z 0 -> 3, errors_sifted_x 0 -> 4 (sifted_z=6, sifted_x=7)
INFO [__main__] Vacuum QBER correction applied (pulse idx=2): errors_sifted_z 0 -> 1, errors_sifted_x 0 -> 0 (sifted_z=2, sifted_x=0)
INFO [__main__] Vacuum QBER correction applied (pulse idx=2): errors_sifted_z 0 -> 12, errors_sifted_x 0 -> 16 (sifted_z=23, sifted_x=32)
INFO [__main__] Vacuum QBER correction applied (pulse idx=2): errors_sifted_z 4041 -> 4112, errors_sifted_x 4015 -> 4090 (sifted_z=8225, sifted_x=8180)
INFO [__main__] Vacuum QBER correction applied (pulse idx=2): errors_sifted_z 2570 -> 2606, errors_sifted_x 2567 -> 2578 (sifted_z=5212, sifted_x=5155)
INFO [__main__] Vacuum QBER correction applied (pulse idx=2): errors_sifted_z 664 -> 661, errors_sifted_x 641 -> 658 (sifted_z=1322, sifted_x=1317)
INFO [__main__] Vacuum QBER correction applied (pulse idx=2): errors_sifted_z 995 -> 1043, errors_sifted_x 1013 -> 1050 (sifted_z=2086, sifted_x=2100)
INFO [__main__] Vacuum QBER correction applied (pulse idx=2): errors_sifted_z 265 -> 262, errors_sifted_x 284 -> 274 (sifted_z=524, sifted_x=549)
INFO [__main__] Vacuum QBER correction applied (pulse idx=2): errors_sifted_z 194 -> 178, errors_sifted_x 179 -> 166 (sifted_z=357, sifted_x=331)
INFO [__main__] Vacuum QBER correction applied (pulse idx=2): errors_sifted_z 104 -> 108, errors_sifted_x 99 -> 105 (sifted_z=217, sifted_x=210)
INFO [__main__] Vacuum QBER correction applied (pulse idx=2): errors_sifted_z 68 -> 68, errors_sifted_x 77 -> 70 (sifted_z=136, sifted_x=139)
INFO [__main__] Vacuum QBER correction applied (pulse idx=2): errors_sifted_z 1616 -> 1628, errors_sifted_x 1655 -> 1662 (sifted_z=3256, sifted_x=3323)
INFO [__main__] Vacuum QBER correction applied (pulse idx=2): errors_sifted_z 423 -> 419, errors_sifted_x 413 -> 411 (sifted_z=838, sifted_x=822)
INFO [__main__] Vacuum QBER correction applied (pulse idx=2): errors_sifted_z 37 -> 42, errors_sifted_x 45 -> 44 (sifted_z=83, sifted_x=88)
INFO [__main__] Vacuum QBER correction applied (pulse idx=2): errors_sifted_z 27 -> 28, errors_sifted_x 23 -> 24 (sifted_z=55, sifted_x=49)
INFO [__main__] Vacuum QBER correction applied (pulse idx=2): errors_sifted_z 21 -> 18, errors_sifted_x 25 -> 20 (sifted_z=36, sifted_x=39)
INFO [__main__] Vacuum QBER correction applied (pulse idx=2): errors_sifted_z 6 -> 8, errors_sifted_x 12 -> 10 (sifted_z=15, sifted_x=20)
INFO [__main__] Vacuum QBER correction applied (pulse idx=2): errors_sifted_z 7 -> 6, errors_sifted_x 5 -> 6 (sifted_z=12, sifted_x=11)
INFO [__main__] Vacuum QBER correction applied (pulse idx=2): errors_sifted_z 4 -> 4, errors_sifted_x 2 -> 4 (sifted_z=7, sifted_x=7)
INFO [__main__] Vacuum QBER correction applied (pulse idx=2): errors_sifted_z 0 -> 62, errors_sifted_x 0 -> 68 (sifted_z=124, sifted_x=135)
INFO [__main__] Vacuum QBER correction applied (pulse idx=2): errors_sifted_z 0 -> 26, errors_sifted_x 0 -> 26 (sifted_z=51, sifted_x=52)
INFO [__main__] Vacuum QBER correction applied (pulse idx=2): errors_sifted_z 0 -> 46, errors_sifted_x 0 -> 44 (sifted_z=91, sifted_x=89)
INFO [__main__] Vacuum QBER correction applied (pulse idx=2): errors_sifted_z 0 -> 13, errors_sifted_x 0 -> 12 (sifted_z=26, sifted_x=23)
INFO [__main__] Vacuum QBER correction applied (pulse idx=2): errors_sifted_z 0 -> 8, errors_sifted_x 0 -> 6 (sifted_z=15, sifted_x=11)
INFO [__main__] Vacuum QBER correction applied (pulse idx=2): errors_sifted_z 0 -> 5, errors_sifted_x 0 -> 4 (sifted_z=10, sifted_x=9)
INFO [__main__] Vacuum QBER correction applied (pulse idx=2): errors_sifted_z 0 -> 2, errors_sifted_x 0 -> 4 (sifted_z=4, sifted_x=8)
INFO [__main__] Vacuum QBER correction applied (pulse idx=2): errors_sifted_z 0 -> 0, errors_sifted_x 0 -> 2 (sifted_z=1, sifted_x=3)
INFO [__main__] Vacuum QBER correction applied (pulse idx=2): errors_sifted_z 0 -> 1, errors_sifted_x 0 -> 0 (sifted_z=2, sifted_x=0)
INFO [__main__] Vacuum QBER correction applied (pulse idx=2): errors_sifted_z 0 -> 3, errors_sifted_x 0 -> 2 (sifted_z=6, sifted_x=5)
INFO [__main__] Vacuum QBER correction applied (pulse idx=2): errors_sifted_z 0 -> 16, errors_sifted_x 0 -> 16 (sifted_z=31, sifted_x=31)
INFO [__main__] Vacuum QBER correction applied (pulse idx=2): errors_sifted_z 4757 -> 4686, errors_sifted_x 4752 -> 4732 (sifted_z=9371, sifted_x=9464)
INFO [__main__] Vacuum QBER correction applied (pulse idx=2): errors_sifted_z 3014 -> 3048, errors_sifted_x 2977 -> 2996 (sifted_z=6095, sifted_x=5991)
INFO [__main__] Vacuum QBER correction applied (pulse idx=2): errors_sifted_z 1207 -> 1234, errors_sifted_x 1249 -> 1225 (sifted_z=2467, sifted_x=2450)
INFO [__main__] Vacuum QBER correction applied (pulse idx=2): errors_sifted_z 834 -> 778, errors_sifted_x 769 -> 770 (sifted_z=1555, sifted_x=1540)
INFO [__main__] Vacuum QBER correction applied (pulse idx=2): errors_sifted_z 1928 -> 1955, errors_sifted_x 1875 -> 1916 (sifted_z=3910, sifted_x=3831)
INFO [__main__] Vacuum QBER correction applied (pulse idx=2): errors_sifted_z 272 -> 287, errors_sifted_x 297 -> 313 (sifted_z=574, sifted_x=626)
INFO [__main__] Vacuum QBER correction applied (pulse idx=2): errors_sifted_z 203 -> 202, errors_sifted_x 205 -> 198 (sifted_z=404, sifted_x=396)
INFO [__main__] Vacuum QBER correction applied (pulse idx=2): errors_sifted_z 136 -> 132, errors_sifted_x 135 -> 135 (sifted_z=263, sifted_x=270)
INFO [__main__] Vacuum QBER correction applied (pulse idx=2): errors_sifted_z 38 -> 38, errors_sifted_x 45 -> 46 (sifted_z=76, sifted_x=93)
INFO [__main__] Vacuum QBER correction applied (pulse idx=2): errors_sifted_z 31 -> 33, errors_sifted_x 27 -> 27 (sifted_z=66, sifted_x=54)
INFO [__main__] Vacuum QBER correction applied (pulse idx=2): errors_sifted_z 466 -> 480, errors_sifted_x 525 -> 514 (sifted_z=960, sifted_x=1027)
INFO [__main__] Vacuum QBER correction applied (pulse idx=2): errors_sifted_z 79 -> 81, errors_sifted_x 76 -> 78 (sifted_z=162, sifted_x=157)
INFO [__main__] Vacuum QBER correction applied (pulse idx=2): errors_sifted_z 20 -> 16, errors_sifted_x 10 -> 11 (sifted_z=33, sifted_x=22)
INFO [__main__] Vacuum QBER correction applied (pulse idx=2): errors_sifted_z 18 -> 18, errors_sifted_x 20 -> 18 (sifted_z=35, sifted_x=36)
INFO [__main__] Vacuum QBER correction applied (pulse idx=2): errors_sifted_z 11 -> 8, errors_sifted_x 9 -> 8 (sifted_z=17, sifted_x=16)
INFO [__main__] Vacuum QBER correction applied (pulse idx=2): errors_sifted_z 6 -> 8, errors_sifted_x 3 -> 4 (sifted_z=16, sifted_x=7)
INFO [qkd.io] File saved atomically: /home/reza-aramjou/University/QProject/Mega Version 6/Final/4.1 QKD Simulation Framework/qkd_ui_runs/run_20260728_163711/qkd_results_optimized_sweep.csv (53.54 KB)
[INFO] Completed 1/96 simulations
[INFO] Completed 4/96 simulations
[INFO] Completed 8/96 simulations
[INFO] Completed 12/96 simulations
[INFO] Completed 16/96 simulations
[INFO] Completed 20/96 simulations
[INFO] Completed 24/96 simulations
[INFO] Completed 28/96 simulations
[INFO] Completed 32/96 simulations
[INFO] Completed 36/96 simulations
[INFO] Completed 40/96 simulations
[INFO] Completed 44/96 simulations
[INFO] Completed 48/96 simulations
[INFO] Completed 52/96 simulations
[INFO] Completed 56/96 simulations
[INFO] Completed 60/96 simulations
[INFO] Completed 64/96 simulations
[INFO] Completed 68/96 simulations
[INFO] Completed 72/96 simulations
[INFO] Completed 76/96 simulations
[INFO] Completed 80/96 simulations
[INFO] Completed 84/96 simulations
[INFO] Completed 88/96 simulations
[INFO] Completed 92/96 simulations
[INFO] Completed 96/96 simulations

[SUCCESS] Results saved to 'qkd_results_optimized_sweep.csv'.
Starting simulation in: /home/reza-aramjou/University/QProject/Mega Version 6/Final/4.1 QKD Simulation Framework/qkd_ui_runs/run_20260728_163711
Distance range: 0.0 km to 150.0 km (16 points)
Command: /home/reza-aramjou/miniconda3/envs/QC/bin/python3.13 /home/reza-aramjou/University/QProject/Mega Version 6/Final/4.1 QKD Simulation Framework/main_optimized.py --protocol-class BB84DecoyProtocol --fiber-loss 0.2 --det-eff-d0 0.15 --det-eff-d1 0.15 --dark-rate 1e-06 --qber-intrinsic 0.01 --misalignment 0.005 --detector-type SPD --min-pulses-log 7 --max-pulses-log 7 --rng-seed 12345 --distance-start-km 0.0 --distance-stop-km 150.0 --distance-points 16 --workers 8 --sweep-json {"detector.det_eff_d0": [0.1, 0.15, 0.2]}

