qkd package metadata not found; using version 'dev'.
[INFO] Loaded custom sweeps from CLI.
--- Running QKD Simulations (SWEEP MODE) ---
[INFO] CPU Count: 20
[INFO] Using 8 worker processes
[INFO] Generated 3 hardware configuration combinations.
[INFO] Total simulations to run: 96
[INFO] Protocol selected: bb84-decoy
[INFO] Writing results to 'qkd_results_optimized_sweep.csv'
INFO [__main__] Vacuum QBER correction applied (pulse idx=2): errors_sifted_z 0 -> 12, errors_sifted_x 0 -> 11 (sifted_z=24, sifted_x=22)
INFO [__main__] Vacuum QBER correction applied (pulse idx=2): errors_sifted_z 0 -> 33, errors_sifted_x 0 -> 24 (sifted_z=66, sifted_x=49)
INFO [__main__] Vacuum QBER correction applied (pulse idx=2): errors_sifted_z 0 -> 3, errors_sifted_x 0 -> 2 (sifted_z=6, sifted_x=5)
INFO [__main__] Vacuum QBER correction applied (pulse idx=2): errors_sifted_z 0 -> 4, errors_sifted_x 0 -> 1 (sifted_z=8, sifted_x=2)
INFO [__main__] Vacuum QBER correction applied (pulse idx=2): errors_sifted_z 0 -> 12, errors_sifted_x 0 -> 9 (sifted_z=25, sifted_x=18)
INFO [__main__] Vacuum QBER correction applied (pulse idx=2): errors_sifted_z 0 -> 52, errors_sifted_x 0 -> 51 (sifted_z=105, sifted_x=102)
INFO [__main__] Vacuum QBER correction applied (pulse idx=2): errors_sifted_z 0 -> 20, errors_sifted_x 0 -> 20 (sifted_z=39, sifted_x=40)
INFO [__main__] Vacuum QBER correction applied (pulse idx=2): errors_sifted_z 0 -> 5, errors_sifted_x 0 -> 4 (sifted_z=10, sifted_x=9)
INFO [__main__] Vacuum QBER correction applied (pulse idx=2): errors_sifted_z 0 -> 1, errors_sifted_x 0 -> 1 (sifted_z=2, sifted_x=2)
INFO [__main__] Vacuum QBER correction applied (pulse idx=2): errors_sifted_z 0 -> 1, errors_sifted_x 0 -> 0 (sifted_z=2, sifted_x=1)
INFO [__main__] Vacuum QBER correction applied (pulse idx=2): errors_sifted_z 1296 -> 1297, errors_sifted_x 1285 -> 1274 (sifted_z=2594, sifted_x=2547)
INFO [__main__] Vacuum QBER correction applied (pulse idx=2): errors_sifted_z 2025 -> 2034, errors_sifted_x 2048 -> 2050 (sifted_z=4068, sifted_x=4100)
INFO [__main__] Vacuum QBER correction applied (pulse idx=2): errors_sifted_z 3145 -> 3115, errors_sifted_x 3074 -> 3094 (sifted_z=6230, sifted_x=6189)
INFO [__main__] Vacuum QBER correction applied (pulse idx=2): errors_sifted_z 755 -> 790, errors_sifted_x 825 -> 840 (sifted_z=1581, sifted_x=1679)
INFO [__main__] Vacuum QBER correction applied (pulse idx=2): errors_sifted_z 309 -> 336, errors_sifted_x 300 -> 312 (sifted_z=671, sifted_x=623)
INFO [__main__] Vacuum QBER correction applied (pulse idx=2): errors_sifted_z 180 -> 198, errors_sifted_x 197 -> 203 (sifted_z=395, sifted_x=406)
INFO [__main__] Vacuum QBER correction applied (pulse idx=2): errors_sifted_z 514 -> 522, errors_sifted_x 519 -> 523 (sifted_z=1043, sifted_x=1046)
INFO [__main__] Vacuum QBER correction applied (pulse idx=2): errors_sifted_z 66 -> 75, errors_sifted_x 80 -> 82 (sifted_z=150, sifted_x=163)
INFO [__main__] Vacuum QBER correction applied (pulse idx=2): errors_sifted_z 55 -> 49, errors_sifted_x 45 -> 42 (sifted_z=98, sifted_x=85)
INFO [__main__] Vacuum QBER correction applied (pulse idx=2): errors_sifted_z 35 -> 34, errors_sifted_x 33 -> 32 (sifted_z=69, sifted_x=63)
INFO [__main__] Vacuum QBER correction applied (pulse idx=2): errors_sifted_z 25 -> 22, errors_sifted_x 26 -> 21 (sifted_z=44, sifted_x=42)
INFO [__main__] Vacuum QBER correction applied (pulse idx=2): errors_sifted_z 14 -> 14, errors_sifted_x 11 -> 12 (sifted_z=28, sifted_x=25)
INFO [__main__] Vacuum QBER correction applied (pulse idx=2): errors_sifted_z 7 -> 8, errors_sifted_x 9 -> 10 (sifted_z=17, sifted_x=19)
INFO [__main__] Vacuum QBER correction applied (pulse idx=2): errors_sifted_z 117 -> 124, errors_sifted_x 151 -> 136 (sifted_z=248, sifted_x=272)
INFO [__main__] Vacuum QBER correction applied (pulse idx=2): errors_sifted_z 2 -> 2, errors_sifted_x 3 -> 4 (sifted_z=3, sifted_x=8)
INFO [__main__] Vacuum QBER correction applied (pulse idx=2): errors_sifted_z 5 -> 4, errors_sifted_x 4 -> 5 (sifted_z=8, sifted_x=10)
INFO [__main__] Vacuum QBER correction applied (pulse idx=2): errors_sifted_z 0 -> 26, errors_sifted_x 0 -> 19 (sifted_z=52, sifted_x=38)
INFO [__main__] Vacuum QBER correction applied (pulse idx=2): errors_sifted_z 0 -> 42, errors_sifted_x 0 -> 34 (sifted_z=84, sifted_x=68)
INFO [__main__] Vacuum QBER correction applied (pulse idx=2): errors_sifted_z 0 -> 12, errors_sifted_x 0 -> 16 (sifted_z=23, sifted_x=32)
INFO [__main__] Vacuum QBER correction applied (pulse idx=2): errors_sifted_z 0 -> 11, errors_sifted_x 0 -> 6 (sifted_z=22, sifted_x=11)
INFO [__main__] Vacuum QBER correction applied (pulse idx=2): errors_sifted_z 0 -> 47, errors_sifted_x 0 -> 56 (sifted_z=94, sifted_x=112)
INFO [__main__] Vacuum QBER correction applied (pulse idx=2): errors_sifted_z 0 -> 3, errors_sifted_x 0 -> 4 (sifted_z=6, sifted_x=7)
INFO [__main__] Vacuum QBER correction applied (pulse idx=2): errors_sifted_z 0 -> 2, errors_sifted_x 0 -> 1 (sifted_z=3, sifted_x=2)
INFO [__main__] Vacuum QBER correction applied (pulse idx=2): errors_sifted_z 0 -> 2, errors_sifted_x 0 -> 2 (sifted_z=5, sifted_x=3)
INFO [__main__] Vacuum QBER correction applied (pulse idx=2): errors_sifted_z 0 -> 6, errors_sifted_x 0 -> 2 (sifted_z=11, sifted_x=4)
INFO [__main__] Vacuum QBER correction applied (pulse idx=2): errors_sifted_z 0 -> 1, errors_sifted_x 0 -> 0 (sifted_z=2, sifted_x=0)
INFO [__main__] Vacuum QBER correction applied (pulse idx=2): errors_sifted_z 0 -> 6, errors_sifted_x 0 -> 7 (sifted_z=12, sifted_x=14)
INFO [__main__] Vacuum QBER correction applied (pulse idx=2): errors_sifted_z 3719 -> 3784, errors_sifted_x 3704 -> 3754 (sifted_z=7567, sifted_x=7509)
INFO [__main__] Vacuum QBER correction applied (pulse idx=2): errors_sifted_z 2313 -> 2347, errors_sifted_x 2435 -> 2410 (sifted_z=4694, sifted_x=4819)
INFO [__main__] Vacuum QBER correction applied (pulse idx=2): errors_sifted_z 1480 -> 1489, errors_sifted_x 1496 -> 1509 (sifted_z=2978, sifted_x=3018)
INFO [__main__] Vacuum QBER correction applied (pulse idx=2): errors_sifted_z 580 -> 602, errors_sifted_x 558 -> 574 (sifted_z=1203, sifted_x=1148)
INFO [__main__] Vacuum QBER correction applied (pulse idx=2): errors_sifted_z 262 -> 247, errors_sifted_x 253 -> 238 (sifted_z=494, sifted_x=477)
INFO [__main__] Vacuum QBER correction applied (pulse idx=2): errors_sifted_z 163 -> 159, errors_sifted_x 163 -> 162 (sifted_z=318, sifted_x=323)
INFO [__main__] Vacuum QBER correction applied (pulse idx=2): errors_sifted_z 965 -> 993, errors_sifted_x 938 -> 961 (sifted_z=1986, sifted_x=1922)
INFO [__main__] Vacuum QBER correction applied (pulse idx=2): errors_sifted_z 99 -> 96, errors_sifted_x 88 -> 98 (sifted_z=193, sifted_x=196)
INFO [__main__] Vacuum QBER correction applied (pulse idx=2): errors_sifted_z 33 -> 39, errors_sifted_x 43 -> 43 (sifted_z=78, sifted_x=86)
INFO [__main__] Vacuum QBER correction applied (pulse idx=2): errors_sifted_z 48 -> 57, errors_sifted_x 73 -> 69 (sifted_z=114, sifted_x=138)
INFO [__main__] Vacuum QBER correction applied (pulse idx=2): errors_sifted_z 25 -> 27, errors_sifted_x 17 -> 20 (sifted_z=54, sifted_x=39)
INFO [__main__] Vacuum QBER correction applied (pulse idx=2): errors_sifted_z 385 -> 383, errors_sifted_x 399 -> 398 (sifted_z=766, sifted_x=797)
INFO [__main__] Vacuum QBER correction applied (pulse idx=2): errors_sifted_z 16 -> 15, errors_sifted_x 20 -> 16 (sifted_z=30, sifted_x=33)
INFO [__main__] Vacuum QBER correction applied (pulse idx=2): errors_sifted_z 9 -> 8, errors_sifted_x 3 -> 6 (sifted_z=15, sifted_x=11)
INFO [__main__] Vacuum QBER correction applied (pulse idx=2): errors_sifted_z 0 -> 46, errors_sifted_x 0 -> 44 (sifted_z=91, sifted_x=89)
INFO [__main__] Vacuum QBER correction applied (pulse idx=2): errors_sifted_z 0 -> 62, errors_sifted_x 0 -> 68 (sifted_z=124, sifted_x=135)
INFO [__main__] Vacuum QBER correction applied (pulse idx=2): errors_sifted_z 8 -> 8, errors_sifted_x 14 -> 12 (sifted_z=17, sifted_x=23)
INFO [__main__] Vacuum QBER correction applied (pulse idx=2): errors_sifted_z 0 -> 26, errors_sifted_x 0 -> 26 (sifted_z=51, sifted_x=52)
INFO [__main__] Vacuum QBER correction applied (pulse idx=2): errors_sifted_z 0 -> 13, errors_sifted_x 0 -> 12 (sifted_z=26, sifted_x=23)
INFO [__main__] Vacuum QBER correction applied (pulse idx=2): errors_sifted_z 0 -> 8, errors_sifted_x 0 -> 6 (sifted_z=15, sifted_x=11)
INFO [__main__] Vacuum QBER correction applied (pulse idx=2): errors_sifted_z 0 -> 5, errors_sifted_x 0 -> 4 (sifted_z=10, sifted_x=9)
INFO [__main__] Vacuum QBER correction applied (pulse idx=2): errors_sifted_z 0 -> 2, errors_sifted_x 0 -> 4 (sifted_z=4, sifted_x=8)
INFO [__main__] Vacuum QBER correction applied (pulse idx=2): errors_sifted_z 0 -> 3, errors_sifted_x 0 -> 2 (sifted_z=6, sifted_x=5)
INFO [__main__] Vacuum QBER correction applied (pulse idx=2): errors_sifted_z 0 -> 1, errors_sifted_x 0 -> 0 (sifted_z=2, sifted_x=0)
INFO [__main__] Vacuum QBER correction applied (pulse idx=2): errors_sifted_z 0 -> 0, errors_sifted_x 0 -> 2 (sifted_z=1, sifted_x=3)
INFO [__main__] Vacuum QBER correction applied (pulse idx=2): errors_sifted_z 0 -> 16, errors_sifted_x 0 -> 16 (sifted_z=31, sifted_x=31)
INFO [__main__] Vacuum QBER correction applied (pulse idx=2): errors_sifted_z 2759 -> 2826, errors_sifted_x 2813 -> 2807 (sifted_z=5652, sifted_x=5614)
INFO [__main__] Vacuum QBER correction applied (pulse idx=2): errors_sifted_z 4330 -> 4290, errors_sifted_x 4311 -> 4335 (sifted_z=8581, sifted_x=8670)
INFO [__main__] Vacuum QBER correction applied (pulse idx=2): errors_sifted_z 1738 -> 1812, errors_sifted_x 1775 -> 1767 (sifted_z=3625, sifted_x=3534)
INFO [__main__] Vacuum QBER correction applied (pulse idx=2): errors_sifted_z 1161 -> 1150, errors_sifted_x 1131 -> 1091 (sifted_z=2300, sifted_x=2182)
INFO [__main__] Vacuum QBER correction applied (pulse idx=2): errors_sifted_z 446 -> 435, errors_sifted_x 450 -> 450 (sifted_z=870, sifted_x=901)
INFO [__main__] Vacuum QBER correction applied (pulse idx=2): errors_sifted_z 261 -> 266, errors_sifted_x 299 -> 298 (sifted_z=533, sifted_x=596)
INFO [__main__] Vacuum QBER correction applied (pulse idx=2): errors_sifted_z 195 -> 182, errors_sifted_x 196 -> 194 (sifted_z=364, sifted_x=388)
INFO [__main__] Vacuum QBER correction applied (pulse idx=2): errors_sifted_z 71 -> 74, errors_sifted_x 68 -> 73 (sifted_z=149, sifted_x=146)
INFO [__main__] Vacuum QBER correction applied (pulse idx=2): errors_sifted_z 46 -> 49, errors_sifted_x 48 -> 45 (sifted_z=98, sifted_x=90)
INFO [__main__] Vacuum QBER correction applied (pulse idx=2): errors_sifted_z 34 -> 32, errors_sifted_x 34 -> 34 (sifted_z=63, sifted_x=68)
INFO [__main__] Vacuum QBER correction applied (pulse idx=2): errors_sifted_z 731 -> 704, errors_sifted_x 667 -> 694 (sifted_z=1409, sifted_x=1388)
INFO [__main__] Vacuum QBER correction applied (pulse idx=2): errors_sifted_z 20 -> 21, errors_sifted_x 21 -> 18 (sifted_z=42, sifted_x=36)
INFO [__main__] Vacuum QBER correction applied (pulse idx=2): errors_sifted_z 124 -> 117, errors_sifted_x 116 -> 125 (sifted_z=234, sifted_x=250)
INFO [__main__] Vacuum QBER correction applied (pulse idx=2): errors_sifted_z 15 -> 14, errors_sifted_x 12 -> 13 (sifted_z=29, sifted_x=26)
INFO [__main__] Vacuum QBER correction applied (pulse idx=2): errors_sifted_z 8 -> 7, errors_sifted_x 7 -> 8 (sifted_z=14, sifted_x=15)
INFO [__main__] Vacuum QBER correction applied (pulse idx=2): errors_sifted_z 7 -> 4, errors_sifted_x 4 -> 3 (sifted_z=9, sifted_x=6)
INFO [qkd.io] File saved atomically: /home/reza-aramjou/University/QProject/Mega Version 6/Final/4.1 QKD Simulation Framework/qkd_ui_runs/run_20260729_050740/qkd_results_optimized_sweep.csv (53.29 KB)
[INFO] Completed 1/96 simulations
[INFO] Completed 4/96 simulations
[INFO] Completed 8/96 simulations
[INFO] Completed 12/96 simulations
[INFO] Completed 16/96 simulations
[INFO] Completed 20/96 simulations
[INFO] Completed 24/96 simulations
[INFO] Completed 28/96 simulations
[INFO] Completed 32/96 simulations
[INFO] Completed 36/96 simulations
[INFO] Completed 40/96 simulations
[INFO] Completed 44/96 simulations
[INFO] Completed 48/96 simulations
[INFO] Completed 52/96 simulations
[INFO] Completed 56/96 simulations
[INFO] Completed 60/96 simulations
[INFO] Completed 64/96 simulations
[INFO] Completed 68/96 simulations
[INFO] Completed 72/96 simulations
[INFO] Completed 76/96 simulations
[INFO] Completed 80/96 simulations
[INFO] Completed 84/96 simulations
[INFO] Completed 88/96 simulations
[INFO] Completed 92/96 simulations
[INFO] Completed 96/96 simulations

[SUCCESS] Results saved to 'qkd_results_optimized_sweep.csv'.
Starting simulation in: /home/reza-aramjou/University/QProject/Mega Version 6/Final/4.1 QKD Simulation Framework/qkd_ui_runs/run_20260729_050740
Distance range: 0.0 km to 150.0 km (16 points)
Command: /home/reza-aramjou/miniconda3/envs/QC/bin/python3.13 /home/reza-aramjou/University/QProject/Mega Version 6/Final/4.1 QKD Simulation Framework/main_optimized.py --protocol-class BB84DecoyProtocol --fiber-loss 0.2 --det-eff-d0 0.15 --det-eff-d1 0.15 --dark-rate 1e-06 --qber-intrinsic 0.01 --misalignment 0.005 --detector-type SPD --min-pulses-log 7 --max-pulses-log 7 --rng-seed 12345 --distance-start-km 0.0 --distance-stop-km 150.0 --distance-points 16 --workers 8 --sweep-json {"detector.det_eff_d0": [0.1, 0.15, 0.2]}

