qkd package metadata not found; using version 'dev'.
[INFO] Loaded custom sweeps from CLI.
--- Running QKD Simulations (SWEEP MODE) ---
[INFO] CPU Count: 20
[INFO] Using 8 worker processes
[INFO] Generated 3 hardware configuration combinations.
[INFO] Total simulations to run: 96
[INFO] Protocol selected: bb84-decoy
[INFO] Writing results to 'qkd_results_optimized_sweep.csv'
INFO [__main__] Vacuum QBER correction applied (pulse idx=2): errors_sifted_z 0 -> 1, errors_sifted_x 0 -> 4 (sifted_z=2, sifted_x=8)
INFO [__main__] Vacuum QBER correction applied (pulse idx=2): errors_sifted_z 0 -> 2, errors_sifted_x 0 -> 3 (sifted_z=5, sifted_x=6)
INFO [__main__] Vacuum QBER correction applied (pulse idx=2): errors_sifted_z 0 -> 20, errors_sifted_x 0 -> 20 (sifted_z=40, sifted_x=39)
INFO [__main__] Vacuum QBER correction applied (pulse idx=2): errors_sifted_z 0 -> 24, errors_sifted_x 0 -> 33 (sifted_z=49, sifted_x=66)
INFO [__main__] Vacuum QBER correction applied (pulse idx=2): errors_sifted_z 0 -> 11, errors_sifted_x 0 -> 12 (sifted_z=22, sifted_x=24)
INFO [__main__] Vacuum QBER correction applied (pulse idx=2): errors_sifted_z 0 -> 9, errors_sifted_x 0 -> 12 (sifted_z=18, sifted_x=25)
INFO [__main__] Vacuum QBER correction applied (pulse idx=2): errors_sifted_z 0 -> 4, errors_sifted_x 0 -> 5 (sifted_z=9, sifted_x=10)
INFO [__main__] Vacuum QBER correction applied (pulse idx=2): errors_sifted_z 0 -> 51, errors_sifted_x 0 -> 52 (sifted_z=102, sifted_x=105)
INFO [__main__] Vacuum QBER correction applied (pulse idx=2): errors_sifted_z 0 -> 1, errors_sifted_x 0 -> 1 (sifted_z=2, sifted_x=2)
INFO [__main__] Vacuum QBER correction applied (pulse idx=2): errors_sifted_z 0 -> 0, errors_sifted_x 0 -> 1 (sifted_z=1, sifted_x=2)
INFO [__main__] Vacuum QBER correction applied (pulse idx=2): errors_sifted_z 3074 -> 3094, errors_sifted_x 3145 -> 3115 (sifted_z=6189, sifted_x=6230)
INFO [__main__] Signal/decoy QBER correction applied (pulse idx=0, mu=0.5000, tau=1.000000e+00): errors_sifted_z 25615 -> 1639, errors_sifted_x 25573 -> 1630 (sifted_z=109271, sifted_x=108674, qber_theoretical=0.015000)
INFO [__main__] Signal/decoy QBER correction applied (pulse idx=1, mu=0.1000, tau=1.000000e+00): errors_sifted_z 3142 -> 118, errors_sifted_x 3190 -> 115 (sifted_z=7849, sifted_x=7650, qber_theoretical=0.015000)
INFO [__main__] Vacuum QBER correction applied (pulse idx=2): errors_sifted_z 2048 -> 2050, errors_sifted_x 2025 -> 2034 (sifted_z=4100, sifted_x=4068)
INFO [__main__] Signal/decoy QBER correction applied (pulse idx=0, mu=0.5000, tau=6.309573e-01): errors_sifted_z 16492 -> 1058, errors_sifted_x 16210 -> 1048 (sifted_z=70501, sifted_x=69854, qber_theoretical=0.015000)
INFO [__main__] Signal/decoy QBER correction applied (pulse idx=1, mu=0.1000, tau=6.309573e-01): errors_sifted_z 2008 -> 74, errors_sifted_x 2080 -> 76 (sifted_z=4950, sifted_x=5048, qber_theoretical=0.015000)
INFO [__main__] Vacuum QBER correction applied (pulse idx=2): errors_sifted_z 1285 -> 1274, errors_sifted_x 1296 -> 1297 (sifted_z=2547, sifted_x=2594)
INFO [__main__] Signal/decoy QBER correction applied (pulse idx=0, mu=0.5000, tau=3.981072e-01): errors_sifted_z 10540 -> 670, errors_sifted_x 10462 -> 671 (sifted_z=44643, sifted_x=44741, qber_theoretical=0.015000)
INFO [__main__] Signal/decoy QBER correction applied (pulse idx=1, mu=0.1000, tau=3.981072e-01): errors_sifted_z 1215 -> 46, errors_sifted_x 1280 -> 47 (sifted_z=3041, sifted_x=3151, qber_theoretical=0.015000)
INFO [__main__] Vacuum QBER correction applied (pulse idx=2): errors_sifted_z 519 -> 523, errors_sifted_x 514 -> 522 (sifted_z=1046, sifted_x=1043)
INFO [__main__] Signal/decoy QBER correction applied (pulse idx=0, mu=0.5000, tau=1.584893e-01): errors_sifted_z 4179 -> 268, errors_sifted_x 4100 -> 267 (sifted_z=17855, sifted_x=17776, qber_theoretical=0.015000)
INFO [__main__] Signal/decoy QBER correction applied (pulse idx=1, mu=0.1000, tau=1.584893e-01): errors_sifted_z 512 -> 19, errors_sifted_x 493 -> 18 (sifted_z=1264, sifted_x=1221, qber_theoretical=0.015000)
INFO [__main__] Vacuum QBER correction applied (pulse idx=2): errors_sifted_z 825 -> 840, errors_sifted_x 755 -> 790 (sifted_z=1679, sifted_x=1581)
INFO [__main__] Signal/decoy QBER correction applied (pulse idx=0, mu=0.5000, tau=2.511886e-01): errors_sifted_z 6569 -> 425, errors_sifted_x 6670 -> 423 (sifted_z=28358, sifted_x=28197, qber_theoretical=0.015000)
INFO [__main__] Signal/decoy QBER correction applied (pulse idx=1, mu=0.1000, tau=2.511886e-01): errors_sifted_z 792 -> 30, errors_sifted_x 837 -> 30 (sifted_z=2024, sifted_x=1991, qber_theoretical=0.015000)
INFO [__main__] Vacuum QBER correction applied (pulse idx=2): errors_sifted_z 300 -> 312, errors_sifted_x 309 -> 336 (sifted_z=623, sifted_x=671)
INFO [__main__] Signal/decoy QBER correction applied (pulse idx=0, mu=0.5000, tau=1.000000e-01): errors_sifted_z 2711 -> 171, errors_sifted_x 2705 -> 170 (sifted_z=11394, sifted_x=11328, qber_theoretical=0.015000)
INFO [__main__] Signal/decoy QBER correction applied (pulse idx=1, mu=0.1000, tau=1.000000e-01): errors_sifted_z 305 -> 11, errors_sifted_x 285 -> 12 (sifted_z=760, sifted_x=774, qber_theoretical=0.015000)
INFO [__main__] Vacuum QBER correction applied (pulse idx=2): errors_sifted_z 80 -> 82, errors_sifted_x 66 -> 75 (sifted_z=163, sifted_x=150)
INFO [__main__] Signal/decoy QBER correction applied (pulse idx=0, mu=0.5000, tau=2.511886e-02): errors_sifted_z 711 -> 44, errors_sifted_x 665 -> 43 (sifted_z=2912, sifted_x=2862, qber_theoretical=0.015000)
INFO [__main__] Signal/decoy QBER correction applied (pulse idx=1, mu=0.1000, tau=2.511886e-02): errors_sifted_z 90 -> 3, errors_sifted_x 61 -> 3 (sifted_z=208, sifted_x=191, qber_theoretical=0.015000)
INFO [__main__] Vacuum QBER correction applied (pulse idx=2): errors_sifted_z 151 -> 136, errors_sifted_x 117 -> 124 (sifted_z=272, sifted_x=248)
INFO [__main__] Signal/decoy QBER correction applied (pulse idx=0, mu=0.5000, tau=3.981072e-02): errors_sifted_z 1036 -> 66, errors_sifted_x 1049 -> 68 (sifted_z=4405, sifted_x=4508, qber_theoretical=0.015000)
INFO [__main__] Signal/decoy QBER correction applied (pulse idx=1, mu=0.1000, tau=3.981072e-02): errors_sifted_z 125 -> 5, errors_sifted_x 135 -> 5 (sifted_z=322, sifted_x=331, qber_theoretical=0.015000)
INFO [__main__] Vacuum QBER correction applied (pulse idx=2): errors_sifted_z 45 -> 42, errors_sifted_x 55 -> 49 (sifted_z=85, sifted_x=98)
INFO [__main__] Signal/decoy QBER correction applied (pulse idx=0, mu=0.5000, tau=1.584893e-02): errors_sifted_z 416 -> 26, errors_sifted_x 413 -> 27 (sifted_z=1753, sifted_x=1778, qber_theoretical=0.015000)
INFO [__main__] Signal/decoy QBER correction applied (pulse idx=1, mu=0.1000, tau=1.584893e-02): errors_sifted_z 42 -> 2, errors_sifted_x 54 -> 2 (sifted_z=123, sifted_x=127, qber_theoretical=0.015000)
INFO [__main__] Vacuum QBER correction applied (pulse idx=2): errors_sifted_z 33 -> 32, errors_sifted_x 35 -> 34 (sifted_z=63, sifted_x=69)
INFO [__main__] Signal/decoy QBER correction applied (pulse idx=0, mu=0.5000, tau=1.000000e-02): errors_sifted_z 265 -> 17, errors_sifted_x 261 -> 17 (sifted_z=1147, sifted_x=1143, qber_theoretical=0.015000)
INFO [__main__] Signal/decoy QBER correction applied (pulse idx=1, mu=0.1000, tau=1.000000e-02): errors_sifted_z 33 -> 1, errors_sifted_x 32 -> 1 (sifted_z=77, sifted_x=86, qber_theoretical=0.015000)
INFO [__main__] Vacuum QBER correction applied (pulse idx=2): errors_sifted_z 26 -> 21, errors_sifted_x 25 -> 22 (sifted_z=42, sifted_x=44)
INFO [__main__] Signal/decoy QBER correction applied (pulse idx=0, mu=0.5000, tau=6.309573e-03): errors_sifted_z 161 -> 11, errors_sifted_x 177 -> 11 (sifted_z=725, sifted_x=733, qber_theoretical=0.015000)
INFO [__main__] Signal/decoy QBER correction applied (pulse idx=1, mu=0.1000, tau=6.309573e-03): errors_sifted_z 16 -> 1, errors_sifted_x 15 -> 1 (sifted_z=44, sifted_x=50, qber_theoretical=0.015000)
INFO [__main__] Vacuum QBER correction applied (pulse idx=2): errors_sifted_z 9 -> 10, errors_sifted_x 7 -> 8 (sifted_z=19, sifted_x=17)
INFO [__main__] Signal/decoy QBER correction applied (pulse idx=0, mu=0.5000, tau=2.511886e-03): errors_sifted_z 71 -> 4, errors_sifted_x 75 -> 4 (sifted_z=294, sifted_x=283, qber_theoretical=0.015000)
INFO [__main__] Signal/decoy QBER correction applied (pulse idx=1, mu=0.1000, tau=2.511886e-03): errors_sifted_z 5 -> 0, errors_sifted_x 10 -> 0 (sifted_z=19, sifted_x=23, qber_theoretical=0.015000)
INFO [__main__] Vacuum QBER correction applied (pulse idx=2): errors_sifted_z 3 -> 4, errors_sifted_x 2 -> 2 (sifted_z=8, sifted_x=3)
INFO [__main__] Signal/decoy QBER correction applied (pulse idx=0, mu=0.5000, tau=1.000000e-03): errors_sifted_z 18 -> 2, errors_sifted_x 27 -> 2 (sifted_z=108, sifted_x=130, qber_theoretical=0.015000)
INFO [__main__] Signal/decoy QBER correction applied (pulse idx=1, mu=0.1000, tau=1.000000e-03): errors_sifted_z 3 -> 0, errors_sifted_x 2 -> 0 (sifted_z=6, sifted_x=5, qber_theoretical=0.015000)
INFO [__main__] Vacuum QBER correction applied (pulse idx=2): errors_sifted_z 4 -> 5, errors_sifted_x 5 -> 4 (sifted_z=10, sifted_x=8)
INFO [__main__] Signal/decoy QBER correction applied (pulse idx=0, mu=0.5000, tau=1.584893e-03): errors_sifted_z 36 -> 2, errors_sifted_x 29 -> 2 (sifted_z=160, sifted_x=152, qber_theoretical=0.015000)
INFO [__main__] Signal/decoy QBER correction applied (pulse idx=1, mu=0.1000, tau=1.584893e-03): errors_sifted_z 3 -> 0, errors_sifted_x 7 -> 0 (sifted_z=11, sifted_x=15, qber_theoretical=0.015000)
INFO [__main__] Vacuum QBER correction applied (pulse idx=2): errors_sifted_z 197 -> 203, errors_sifted_x 180 -> 198 (sifted_z=406, sifted_x=395)
INFO [__main__] Signal/decoy QBER correction applied (pulse idx=0, mu=0.5000, tau=6.309573e-02): errors_sifted_z 1699 -> 105, errors_sifted_x 1713 -> 108 (sifted_z=7009, sifted_x=7194, qber_theoretical=0.015000)
INFO [__main__] Signal/decoy QBER correction applied (pulse idx=1, mu=0.1000, tau=6.309573e-02): errors_sifted_z 224 -> 8, errors_sifted_x 192 -> 7 (sifted_z=513, sifted_x=489, qber_theoretical=0.015000)
INFO [__main__] Vacuum QBER correction applied (pulse idx=2): errors_sifted_z 0 -> 56, errors_sifted_x 0 -> 47 (sifted_z=112, sifted_x=94)
INFO [__main__] Vacuum QBER correction applied (pulse idx=2): errors_sifted_z 0 -> 34, errors_sifted_x 0 -> 42 (sifted_z=68, sifted_x=84)
INFO [__main__] Vacuum QBER correction applied (pulse idx=2): errors_sifted_z 0 -> 19, errors_sifted_x 0 -> 26 (sifted_z=38, sifted_x=52)
INFO [__main__] Vacuum QBER correction applied (pulse idx=2): errors_sifted_z 11 -> 12, errors_sifted_x 14 -> 14 (sifted_z=25, sifted_x=28)
INFO [__main__] Signal/decoy QBER correction applied (pulse idx=0, mu=0.5000, tau=3.981072e-03): errors_sifted_z 110 -> 7, errors_sifted_x 96 -> 7 (sifted_z=476, sifted_x=451, qber_theoretical=0.015000)
INFO [__main__] Signal/decoy QBER correction applied (pulse idx=1, mu=0.1000, tau=3.981072e-03): errors_sifted_z 11 -> 1, errors_sifted_x 13 -> 0 (sifted_z=40, sifted_x=24, qber_theoretical=0.015000)
INFO [__main__] Vacuum QBER correction applied (pulse idx=2): errors_sifted_z 0 -> 7, errors_sifted_x 0 -> 6 (sifted_z=14, sifted_x=12)
INFO [__main__] Vacuum QBER correction applied (pulse idx=2): errors_sifted_z 0 -> 6, errors_sifted_x 0 -> 11 (sifted_z=11, sifted_x=22)
INFO [__main__] Vacuum QBER correction applied (pulse idx=2): errors_sifted_z 0 -> 16, errors_sifted_x 0 -> 12 (sifted_z=32, sifted_x=23)
INFO [__main__] Vacuum QBER correction applied (pulse idx=2): errors_sifted_z 0 -> 4, errors_sifted_x 0 -> 3 (sifted_z=7, sifted_x=6)
INFO [__main__] Vacuum QBER correction applied (pulse idx=2): errors_sifted_z 0 -> 2, errors_sifted_x 0 -> 6 (sifted_z=4, sifted_x=11)
INFO [__main__] Vacuum QBER correction applied (pulse idx=2): errors_sifted_z 0 -> 2, errors_sifted_x 0 -> 2 (sifted_z=3, sifted_x=5)
INFO [__main__] Vacuum QBER correction applied (pulse idx=2): errors_sifted_z 0 -> 1, errors_sifted_x 0 -> 2 (sifted_z=2, sifted_x=3)
INFO [__main__] Vacuum QBER correction applied (pulse idx=2): errors_sifted_z 0 -> 0, errors_sifted_x 0 -> 1 (sifted_z=0, sifted_x=2)
INFO [__main__] Vacuum QBER correction applied (pulse idx=2): errors_sifted_z 2435 -> 2410, errors_sifted_x 2313 -> 2347 (sifted_z=4819, sifted_x=4694)
INFO [__main__] Signal/decoy QBER correction applied (pulse idx=0, mu=0.5000, tau=6.309573e-01): errors_sifted_z 19416 -> 1249, errors_sifted_x 19131 -> 1242 (sifted_z=83241, sifted_x=82818, qber_theoretical=0.015000)
INFO [__main__] Signal/decoy QBER correction applied (pulse idx=1, mu=0.1000, tau=6.309573e-01): errors_sifted_z 2381 -> 88, errors_sifted_x 2351 -> 87 (sifted_z=5881, sifted_x=5817, qber_theoretical=0.015000)
INFO [__main__] Vacuum QBER correction applied (pulse idx=2): errors_sifted_z 1496 -> 1509, errors_sifted_x 1480 -> 1489 (sifted_z=3018, sifted_x=2978)
INFO [__main__] Signal/decoy QBER correction applied (pulse idx=0, mu=0.5000, tau=3.981072e-01): errors_sifted_z 12620 -> 803, errors_sifted_x 12449 -> 801 (sifted_z=53562, sifted_x=53370, qber_theoretical=0.015000)
INFO [__main__] Signal/decoy QBER correction applied (pulse idx=1, mu=0.1000, tau=3.981072e-01): errors_sifted_z 1505 -> 56, errors_sifted_x 1508 -> 57 (sifted_z=3758, sifted_x=3776, qber_theoretical=0.015000)
INFO [__main__] Vacuum QBER correction applied (pulse idx=2): errors_sifted_z 3704 -> 3754, errors_sifted_x 3719 -> 3784 (sifted_z=7509, sifted_x=7567)
INFO [__main__] Signal/decoy QBER correction applied (pulse idx=0, mu=0.5000, tau=1.000000e+00): errors_sifted_z 30225 -> 1949, errors_sifted_x 30206 -> 1946 (sifted_z=129943, sifted_x=129720, qber_theoretical=0.015000)
INFO [__main__] Signal/decoy QBER correction applied (pulse idx=1, mu=0.1000, tau=1.000000e+00): errors_sifted_z 3848 -> 139, errors_sifted_x 3812 -> 140 (sifted_z=9255, sifted_x=9331, qber_theoretical=0.015000)
INFO [__main__] Vacuum QBER correction applied (pulse idx=2): errors_sifted_z 558 -> 574, errors_sifted_x 580 -> 602 (sifted_z=1148, sifted_x=1203)
INFO [__main__] Signal/decoy QBER correction applied (pulse idx=0, mu=0.5000, tau=1.584893e-01): errors_sifted_z 4982 -> 318, errors_sifted_x 5084 -> 319 (sifted_z=21233, sifted_x=21262, qber_theoretical=0.015000)
INFO [__main__] Signal/decoy QBER correction applied (pulse idx=1, mu=0.1000, tau=1.584893e-01): errors_sifted_z 579 -> 22, errors_sifted_x 617 -> 23 (sifted_z=1498, sifted_x=1509, qber_theoretical=0.015000)
INFO [__main__] Vacuum QBER correction applied (pulse idx=2): errors_sifted_z 399 -> 398, errors_sifted_x 385 -> 383 (sifted_z=797, sifted_x=766)
INFO [__main__] Signal/decoy QBER correction applied (pulse idx=0, mu=0.5000, tau=1.000000e-01): errors_sifted_z 3216 -> 204, errors_sifted_x 3194 -> 203 (sifted_z=13615, sifted_x=13525, qber_theoretical=0.015000)
INFO [__main__] Signal/decoy QBER correction applied (pulse idx=1, mu=0.1000, tau=1.000000e-01): errors_sifted_z 369 -> 14, errors_sifted_x 380 -> 14 (sifted_z=924, sifted_x=902, qber_theoretical=0.015000)
INFO [__main__] Vacuum QBER correction applied (pulse idx=2): errors_sifted_z 253 -> 238, errors_sifted_x 262 -> 247 (sifted_z=477, sifted_x=494)
INFO [__main__] Signal/decoy QBER correction applied (pulse idx=0, mu=0.5000, tau=6.309573e-02): errors_sifted_z 2020 -> 130, errors_sifted_x 2023 -> 130 (sifted_z=8643, sifted_x=8638, qber_theoretical=0.015000)
INFO [__main__] Signal/decoy QBER correction applied (pulse idx=1, mu=0.1000, tau=6.309573e-02): errors_sifted_z 232 -> 8, errors_sifted_x 241 -> 10 (sifted_z=561, sifted_x=643, qber_theoretical=0.015000)
INFO [__main__] Vacuum QBER correction applied (pulse idx=2): errors_sifted_z 938 -> 961, errors_sifted_x 965 -> 993 (sifted_z=1922, sifted_x=1986)
INFO [__main__] Signal/decoy QBER correction applied (pulse idx=0, mu=0.5000, tau=2.511886e-01): errors_sifted_z 7969 -> 511, errors_sifted_x 7919 -> 506 (sifted_z=34097, sifted_x=33734, qber_theoretical=0.015000)
INFO [__main__] Signal/decoy QBER correction applied (pulse idx=1, mu=0.1000, tau=2.511886e-01): errors_sifted_z 922 -> 35, errors_sifted_x 962 -> 37 (sifted_z=2336, sifted_x=2436, qber_theoretical=0.015000)
INFO [__main__] Vacuum QBER correction applied (pulse idx=2): errors_sifted_z 88 -> 98, errors_sifted_x 99 -> 96 (sifted_z=196, sifted_x=193)
INFO [__main__] Signal/decoy QBER correction applied (pulse idx=0, mu=0.5000, tau=2.511886e-02): errors_sifted_z 833 -> 51, errors_sifted_x 810 -> 51 (sifted_z=3376, sifted_x=3380, qber_theoretical=0.015000)
INFO [__main__] Signal/decoy QBER correction applied (pulse idx=1, mu=0.1000, tau=2.511886e-02): errors_sifted_z 98 -> 4, errors_sifted_x 92 -> 4 (sifted_z=247, sifted_x=241, qber_theoretical=0.015000)
INFO [__main__] Vacuum QBER correction applied (pulse idx=2): errors_sifted_z 163 -> 162, errors_sifted_x 163 -> 159 (sifted_z=323, sifted_x=318)
INFO [__main__] Signal/decoy QBER correction applied (pulse idx=0, mu=0.5000, tau=3.981072e-02): errors_sifted_z 1288 -> 80, errors_sifted_x 1275 -> 82 (sifted_z=5360, sifted_x=5492, qber_theoretical=0.015000)
INFO [__main__] Signal/decoy QBER correction applied (pulse idx=1, mu=0.1000, tau=3.981072e-02): errors_sifted_z 149 -> 6, errors_sifted_x 158 -> 6 (sifted_z=381, sifted_x=406, qber_theoretical=0.015000)
INFO [__main__] Vacuum QBER correction applied (pulse idx=2): errors_sifted_z 43 -> 43, errors_sifted_x 33 -> 39 (sifted_z=86, sifted_x=78)
INFO [__main__] Signal/decoy QBER correction applied (pulse idx=0, mu=0.5000, tau=1.000000e-02): errors_sifted_z 320 -> 20, errors_sifted_x 324 -> 21 (sifted_z=1354, sifted_x=1373, qber_theoretical=0.015000)
INFO [__main__] Signal/decoy QBER correction applied (pulse idx=1, mu=0.1000, tau=1.000000e-02): errors_sifted_z 50 -> 2, errors_sifted_x 42 -> 1 (sifted_z=100, sifted_x=98, qber_theoretical=0.015000)
INFO [__main__] Vacuum QBER correction applied (pulse idx=2): errors_sifted_z 20 -> 16, errors_sifted_x 16 -> 15 (sifted_z=33, sifted_x=30)
INFO [__main__] Signal/decoy QBER correction applied (pulse idx=0, mu=0.5000, tau=3.981072e-03): errors_sifted_z 110 -> 8, errors_sifted_x 134 -> 8 (sifted_z=524, sifted_x=538, qber_theoretical=0.015000)
INFO [__main__] Signal/decoy QBER correction applied (pulse idx=1, mu=0.1000, tau=3.981072e-03): errors_sifted_z 14 -> 0, errors_sifted_x 19 -> 1 (sifted_z=30, sifted_x=54, qber_theoretical=0.015000)
INFO [__main__] Vacuum QBER correction applied (pulse idx=2): errors_sifted_z 14 -> 12, errors_sifted_x 8 -> 8 (sifted_z=23, sifted_x=17)
INFO [__main__] Signal/decoy QBER correction applied (pulse idx=0, mu=0.5000, tau=2.511886e-03): errors_sifted_z 85 -> 5, errors_sifted_x 72 -> 5 (sifted_z=344, sifted_x=365, qber_theoretical=0.015000)
INFO [__main__] Signal/decoy QBER correction applied (pulse idx=1, mu=0.1000, tau=2.511886e-03): errors_sifted_z 10 -> 0, errors_sifted_x 11 -> 0 (sifted_z=22, sifted_x=26, qber_theoretical=0.015000)
INFO [__main__] Vacuum QBER correction applied (pulse idx=2): errors_sifted_z 17 -> 20, errors_sifted_x 25 -> 27 (sifted_z=39, sifted_x=54)
INFO [__main__] Signal/decoy QBER correction applied (pulse idx=0, mu=0.5000, tau=6.309573e-03): errors_sifted_z 180 -> 12, errors_sifted_x 214 -> 13 (sifted_z=800, sifted_x=845, qber_theoretical=0.015000)
INFO [__main__] Signal/decoy QBER correction applied (pulse idx=1, mu=0.1000, tau=6.309573e-03): errors_sifted_z 22 -> 1, errors_sifted_x 31 -> 1 (sifted_z=51, sifted_x=75, qber_theoretical=0.015000)
INFO [__main__] Signal/decoy QBER correction applied (pulse idx=0, mu=0.5000, tau=1.000000e-03): errors_sifted_z 34 -> 2, errors_sifted_x 24 -> 2 (sifted_z=141, sifted_x=119, qber_theoretical=0.015000)
INFO [__main__] Signal/decoy QBER correction applied (pulse idx=1, mu=0.1000, tau=1.000000e-03): errors_sifted_z 3 -> 0, errors_sifted_x 3 -> 0 (sifted_z=6, sifted_x=6, qber_theoretical=0.015000)
INFO [__main__] Vacuum QBER correction applied (pulse idx=2): errors_sifted_z 73 -> 69, errors_sifted_x 48 -> 57 (sifted_z=138, sifted_x=114)
INFO [__main__] Signal/decoy QBER correction applied (pulse idx=0, mu=0.5000, tau=1.584893e-02): errors_sifted_z 529 -> 33, errors_sifted_x 511 -> 32 (sifted_z=2179, sifted_x=2161, qber_theoretical=0.015000)
INFO [__main__] Signal/decoy QBER correction applied (pulse idx=1, mu=0.1000, tau=1.584893e-02): errors_sifted_z 63 -> 2, errors_sifted_x 64 -> 2 (sifted_z=163, sifted_x=154, qber_theoretical=0.015000)
INFO [__main__] Vacuum QBER correction applied (pulse idx=2): errors_sifted_z 0 -> 68, errors_sifted_x 0 -> 62 (sifted_z=135, sifted_x=124)
INFO [__main__] Vacuum QBER correction applied (pulse idx=2): errors_sifted_z 0 -> 26, errors_sifted_x 0 -> 26 (sifted_z=52, sifted_x=51)
INFO [__main__] Vacuum QBER correction applied (pulse idx=2): errors_sifted_z 0 -> 44, errors_sifted_x 0 -> 46 (sifted_z=89, sifted_x=91)
INFO [__main__] Vacuum QBER correction applied (pulse idx=2): errors_sifted_z 0 -> 12, errors_sifted_x 0 -> 13 (sifted_z=23, sifted_x=26)
INFO [__main__] Vacuum QBER correction applied (pulse idx=2): errors_sifted_z 0 -> 16, errors_sifted_x 0 -> 16 (sifted_z=31, sifted_x=31)
INFO [__main__] Vacuum QBER correction applied (pulse idx=2): errors_sifted_z 3 -> 6, errors_sifted_x 9 -> 8 (sifted_z=11, sifted_x=15)
INFO [__main__] Signal/decoy QBER correction applied (pulse idx=0, mu=0.5000, tau=1.584893e-03): errors_sifted_z 54 -> 3, errors_sifted_x 46 -> 3 (sifted_z=208, sifted_x=219, qber_theoretical=0.015000)
INFO [__main__] Signal/decoy QBER correction applied (pulse idx=1, mu=0.1000, tau=1.584893e-03): errors_sifted_z 5 -> 0, errors_sifted_x 5 -> 0 (sifted_z=15, sifted_x=16, qber_theoretical=0.015000)
INFO [__main__] Vacuum QBER correction applied (pulse idx=2): errors_sifted_z 0 -> 4, errors_sifted_x 0 -> 2 (sifted_z=8, sifted_x=4)
INFO [__main__] Vacuum QBER correction applied (pulse idx=2): errors_sifted_z 0 -> 4, errors_sifted_x 0 -> 5 (sifted_z=9, sifted_x=10)
INFO [__main__] Vacuum QBER correction applied (pulse idx=2): errors_sifted_z 0 -> 0, errors_sifted_x 0 -> 1 (sifted_z=0, sifted_x=2)
INFO [__main__] Vacuum QBER correction applied (pulse idx=2): errors_sifted_z 0 -> 2, errors_sifted_x 0 -> 0 (sifted_z=3, sifted_x=1)
INFO [__main__] Vacuum QBER correction applied (pulse idx=2): errors_sifted_z 0 -> 6, errors_sifted_x 0 -> 8 (sifted_z=11, sifted_x=15)
INFO [__main__] Vacuum QBER correction applied (pulse idx=2): errors_sifted_z 0 -> 2, errors_sifted_x 0 -> 3 (sifted_z=5, sifted_x=6)
INFO [__main__] Vacuum QBER correction applied (pulse idx=2): errors_sifted_z 4311 -> 4335, errors_sifted_x 4330 -> 4290 (sifted_z=8670, sifted_x=8581)
INFO [__main__] Signal/decoy QBER correction applied (pulse idx=0, mu=0.5000, tau=1.000000e+00): errors_sifted_z 35069 -> 2248, errors_sifted_x 34710 -> 2241 (sifted_z=149895, sifted_x=149368, qber_theoretical=0.015000)
INFO [__main__] Signal/decoy QBER correction applied (pulse idx=1, mu=0.1000, tau=1.000000e+00): errors_sifted_z 4350 -> 162, errors_sifted_x 4188 -> 159 (sifted_z=10825, sifted_x=10587, qber_theoretical=0.015000)
INFO [__main__] Vacuum QBER correction applied (pulse idx=2): errors_sifted_z 2813 -> 2807, errors_sifted_x 2759 -> 2826 (sifted_z=5614, sifted_x=5652)
INFO [__main__] Signal/decoy QBER correction applied (pulse idx=0, mu=0.5000, tau=6.309573e-01): errors_sifted_z 22844 -> 1445, errors_sifted_x 22732 -> 1452 (sifted_z=96350, sifted_x=96813, qber_theoretical=0.015000)
INFO [__main__] Signal/decoy QBER correction applied (pulse idx=1, mu=0.1000, tau=6.309573e-01): errors_sifted_z 2699 -> 102, errors_sifted_x 2732 -> 103 (sifted_z=6816, sifted_x=6871, qber_theoretical=0.015000)
INFO [__main__] Vacuum QBER correction applied (pulse idx=2): errors_sifted_z 1131 -> 1091, errors_sifted_x 1161 -> 1150 (sifted_z=2182, sifted_x=2300)
INFO [__main__] Signal/decoy QBER correction applied (pulse idx=0, mu=0.5000, tau=2.511886e-01): errors_sifted_z 9130 -> 585, errors_sifted_x 9201 -> 591 (sifted_z=39026, sifted_x=39379, qber_theoretical=0.015000)
INFO [__main__] Signal/decoy QBER correction applied (pulse idx=1, mu=0.1000, tau=2.511886e-01): errors_sifted_z 1148 -> 43, errors_sifted_x 1141 -> 42 (sifted_z=2837, sifted_x=2818, qber_theoretical=0.015000)
INFO [__main__] Vacuum QBER correction applied (pulse idx=2): errors_sifted_z 1775 -> 1767, errors_sifted_x 1738 -> 1812 (sifted_z=3534, sifted_x=3625)
INFO [__main__] Signal/decoy QBER correction applied (pulse idx=0, mu=0.5000, tau=3.981072e-01): errors_sifted_z 14130 -> 926, errors_sifted_x 14409 -> 926 (sifted_z=61719, sifted_x=61742, qber_theoretical=0.015000)
INFO [__main__] Signal/decoy QBER correction applied (pulse idx=1, mu=0.1000, tau=3.981072e-01): errors_sifted_z 1748 -> 64, errors_sifted_x 1759 -> 65 (sifted_z=4288, sifted_x=4319, qber_theoretical=0.015000)
INFO [__main__] Vacuum QBER correction applied (pulse idx=2): errors_sifted_z 667 -> 694, errors_sifted_x 731 -> 704 (sifted_z=1388, sifted_x=1409)
INFO [__main__] Signal/decoy QBER correction applied (pulse idx=0, mu=0.5000, tau=1.584893e-01): errors_sifted_z 5870 -> 377, errors_sifted_x 5815 -> 379 (sifted_z=25164, sifted_x=25255, qber_theoretical=0.015000)
INFO [__main__] Signal/decoy QBER correction applied (pulse idx=1, mu=0.1000, tau=1.584893e-01): errors_sifted_z 712 -> 27, errors_sifted_x 716 -> 26 (sifted_z=1774, sifted_x=1765, qber_theoretical=0.015000)
INFO [__main__] Vacuum QBER correction applied (pulse idx=2): errors_sifted_z 450 -> 450, errors_sifted_x 446 -> 435 (sifted_z=901, sifted_x=870)
INFO [__main__] Signal/decoy QBER correction applied (pulse idx=0, mu=0.5000, tau=1.000000e-01): errors_sifted_z 3803 -> 237, errors_sifted_x 3739 -> 239 (sifted_z=15780, sifted_x=15941, qber_theoretical=0.015000)
INFO [__main__] Signal/decoy QBER correction applied (pulse idx=1, mu=0.1000, tau=1.000000e-01): errors_sifted_z 436 -> 17, errors_sifted_x 501 -> 17 (sifted_z=1108, sifted_x=1165, qber_theoretical=0.015000)
INFO [__main__] Vacuum QBER correction applied (pulse idx=2): errors_sifted_z 299 -> 298, errors_sifted_x 261 -> 266 (sifted_z=596, sifted_x=533)
INFO [__main__] Signal/decoy QBER correction applied (pulse idx=0, mu=0.5000, tau=6.309573e-02): errors_sifted_z 2360 -> 151, errors_sifted_x 2245 -> 149 (sifted_z=10074, sifted_x=9953, qber_theoretical=0.015000)
INFO [__main__] Signal/decoy QBER correction applied (pulse idx=1, mu=0.1000, tau=6.309573e-02): errors_sifted_z 301 -> 11, errors_sifted_x 282 -> 11 (sifted_z=725, sifted_x=732, qber_theoretical=0.015000)
INFO [__main__] Vacuum QBER correction applied (pulse idx=2): errors_sifted_z 196 -> 194, errors_sifted_x 195 -> 182 (sifted_z=388, sifted_x=364)
INFO [__main__] Signal/decoy QBER correction applied (pulse idx=0, mu=0.5000, tau=3.981072e-02): errors_sifted_z 1458 -> 95, errors_sifted_x 1501 -> 96 (sifted_z=6310, sifted_x=6371, qber_theoretical=0.015000)
INFO [__main__] Signal/decoy QBER correction applied (pulse idx=1, mu=0.1000, tau=3.981072e-02): errors_sifted_z 184 -> 7, errors_sifted_x 185 -> 6 (sifted_z=470, sifted_x=421, qber_theoretical=0.015000)
INFO [__main__] Vacuum QBER correction applied (pulse idx=2): errors_sifted_z 116 -> 125, errors_sifted_x 124 -> 117 (sifted_z=250, sifted_x=234)
INFO [__main__] Signal/decoy QBER correction applied (pulse idx=0, mu=0.5000, tau=2.511886e-02): errors_sifted_z 959 -> 61, errors_sifted_x 964 -> 61 (sifted_z=4098, sifted_x=4082, qber_theoretical=0.015000)
INFO [__main__] Signal/decoy QBER correction applied (pulse idx=1, mu=0.1000, tau=2.511886e-02): errors_sifted_z 119 -> 4, errors_sifted_x 103 -> 4 (sifted_z=253, sifted_x=276, qber_theoretical=0.015000)
INFO [__main__] Vacuum QBER correction applied (pulse idx=2): errors_sifted_z 21 -> 18, errors_sifted_x 20 -> 21 (sifted_z=36, sifted_x=42)
INFO [__main__] Signal/decoy QBER correction applied (pulse idx=0, mu=0.5000, tau=3.981072e-03): errors_sifted_z 157 -> 10, errors_sifted_x 152 -> 9 (sifted_z=642, sifted_x=599, qber_theoretical=0.015000)
INFO [__main__] Signal/decoy QBER correction applied (pulse idx=1, mu=0.1000, tau=3.981072e-03): errors_sifted_z 25 -> 1, errors_sifted_x 15 -> 1 (sifted_z=53, sifted_x=39, qber_theoretical=0.015000)
INFO [__main__] Vacuum QBER correction applied (pulse idx=2): errors_sifted_z 34 -> 34, errors_sifted_x 34 -> 32 (sifted_z=68, sifted_x=63)
INFO [__main__] Signal/decoy QBER correction applied (pulse idx=0, mu=0.5000, tau=6.309573e-03): errors_sifted_z 247 -> 16, errors_sifted_x 223 -> 15 (sifted_z=1048, sifted_x=975, qber_theoretical=0.015000)
INFO [__main__] Signal/decoy QBER correction applied (pulse idx=1, mu=0.1000, tau=6.309573e-03): errors_sifted_z 26 -> 1, errors_sifted_x 33 -> 1 (sifted_z=68, sifted_x=78, qber_theoretical=0.015000)
INFO [__main__] Vacuum QBER correction applied (pulse idx=2): errors_sifted_z 48 -> 45, errors_sifted_x 46 -> 49 (sifted_z=90, sifted_x=98)
INFO [__main__] Signal/decoy QBER correction applied (pulse idx=0, mu=0.5000, tau=1.000000e-02): errors_sifted_z 356 -> 24, errors_sifted_x 372 -> 25 (sifted_z=1603, sifted_x=1667, qber_theoretical=0.015000)
INFO [__main__] Signal/decoy QBER correction applied (pulse idx=1, mu=0.1000, tau=1.000000e-02): errors_sifted_z 46 -> 2, errors_sifted_x 57 -> 2 (sifted_z=124, sifted_x=120, qber_theoretical=0.015000)
INFO [__main__] Vacuum QBER correction applied (pulse idx=2): errors_sifted_z 68 -> 73, errors_sifted_x 71 -> 74 (sifted_z=146, sifted_x=149)
INFO [__main__] Signal/decoy QBER correction applied (pulse idx=0, mu=0.5000, tau=1.584893e-02): errors_sifted_z 568 -> 38, errors_sifted_x 599 -> 37 (sifted_z=2543, sifted_x=2499, qber_theoretical=0.015000)
INFO [__main__] Signal/decoy QBER correction applied (pulse idx=1, mu=0.1000, tau=1.584893e-02): errors_sifted_z 69 -> 3, errors_sifted_x 75 -> 3 (sifted_z=168, sifted_x=187, qber_theoretical=0.015000)
INFO [__main__] Vacuum QBER correction applied (pulse idx=2): errors_sifted_z 12 -> 13, errors_sifted_x 15 -> 14 (sifted_z=26, sifted_x=29)
INFO [__main__] Signal/decoy QBER correction applied (pulse idx=0, mu=0.5000, tau=2.511886e-03): errors_sifted_z 90 -> 6, errors_sifted_x 107 -> 6 (sifted_z=382, sifted_x=395, qber_theoretical=0.015000)
INFO [__main__] Signal/decoy QBER correction applied (pulse idx=1, mu=0.1000, tau=2.511886e-03): errors_sifted_z 15 -> 0, errors_sifted_x 10 -> 0 (sifted_z=32, sifted_x=28, qber_theoretical=0.015000)
INFO [__main__] Vacuum QBER correction applied (pulse idx=2): errors_sifted_z 7 -> 8, errors_sifted_x 8 -> 7 (sifted_z=15, sifted_x=14)
INFO [__main__] Signal/decoy QBER correction applied (pulse idx=0, mu=0.5000, tau=1.584893e-03): errors_sifted_z 57 -> 4, errors_sifted_x 60 -> 4 (sifted_z=239, sifted_x=279, qber_theoretical=0.015000)
INFO [__main__] Signal/decoy QBER correction applied (pulse idx=1, mu=0.1000, tau=1.584893e-03): errors_sifted_z 4 -> 0, errors_sifted_x 8 -> 0 (sifted_z=18, sifted_x=16, qber_theoretical=0.015000)
INFO [__main__] Vacuum QBER correction applied (pulse idx=2): errors_sifted_z 4 -> 3, errors_sifted_x 7 -> 4 (sifted_z=6, sifted_x=9)
INFO [__main__] Signal/decoy QBER correction applied (pulse idx=0, mu=0.5000, tau=1.000000e-03): errors_sifted_z 30 -> 2, errors_sifted_x 36 -> 3 (sifted_z=146, sifted_x=171, qber_theoretical=0.015000)
INFO [__main__] Signal/decoy QBER correction applied (pulse idx=1, mu=0.1000, tau=1.000000e-03): errors_sifted_z 6 -> 0, errors_sifted_x 4 -> 0 (sifted_z=9, sifted_x=16, qber_theoretical=0.015000)
INFO [qkd.io] File saved atomically: /home/reza-aramjou/University/QProject/Mega Version 6/Final/4.1 QKD Simulation Framework/qkd_ui_runs/run_20260730_031939/qkd_results_optimized_sweep.csv (53.65 KB)
[INFO] Completed 1/96 simulations
[INFO] Completed 4/96 simulations
[INFO] Completed 8/96 simulations
[INFO] Completed 12/96 simulations
[INFO] Completed 16/96 simulations
[INFO] Completed 20/96 simulations
[INFO] Completed 24/96 simulations
[INFO] Completed 28/96 simulations
[INFO] Completed 32/96 simulations
[INFO] Completed 36/96 simulations
[INFO] Completed 40/96 simulations
[INFO] Completed 44/96 simulations
[INFO] Completed 48/96 simulations
[INFO] Completed 52/96 simulations
[INFO] Completed 56/96 simulations
[INFO] Completed 60/96 simulations
[INFO] Completed 64/96 simulations
[INFO] Completed 68/96 simulations
[INFO] Completed 72/96 simulations
[INFO] Completed 76/96 simulations
[INFO] Completed 80/96 simulations
[INFO] Completed 84/96 simulations
[INFO] Completed 88/96 simulations
[INFO] Completed 92/96 simulations
[INFO] Completed 96/96 simulations

[SUCCESS] Results saved to 'qkd_results_optimized_sweep.csv'.
Starting simulation in: /home/reza-aramjou/University/QProject/Mega Version 6/Final/4.1 QKD Simulation Framework/qkd_ui_runs/run_20260730_031939
Distance range: 0.0 km to 150.0 km (16 points)
Command: /home/reza-aramjou/miniconda3/envs/QC/bin/python3.13 /home/reza-aramjou/University/QProject/Mega Version 6/Final/4.1 QKD Simulation Framework/main_optimized.py --protocol-class BB84DecoyProtocol --fiber-loss 0.2 --det-eff-d0 0.15 --det-eff-d1 0.15 --dark-rate 1e-06 --qber-intrinsic 0.01 --misalignment 0.005 --detector-type SPD --min-pulses-log 7 --max-pulses-log 7 --rng-seed 12345 --distance-start-km 0.0 --distance-stop-km 150.0 --distance-points 16 --workers 8 --sweep-json {"detector.det_eff_d0": [0.1, 0.15, 0.2]}

